Archive member included to satisfy reference by file (symbol)

C:/ST/STM32CubeIDE_1.17.0/STM32CubeIDE/plugins/com.st.stm32cube.ide.mcu.externaltools.gnu-tools-for-stm32.12.3.rel1.win32_1.1.0.202410251130/tools/bin/../lib/gcc/arm-none-eabi/12.3.1/../../../../arm-none-eabi/lib/thumb/v7e-m+fp/hard\libc_nano.a(libc_a-calloc.o)
                              ./ADBMS6830/lib/src/adBms6830GenericType.o (calloc)
C:/ST/STM32CubeIDE_1.17.0/STM32CubeIDE/plugins/com.st.stm32cube.ide.mcu.externaltools.gnu-tools-for-stm32.12.3.rel1.win32_1.1.0.202410251130/tools/bin/../lib/gcc/arm-none-eabi/12.3.1/../../../../arm-none-eabi/lib/thumb/v7e-m+fp/hard\libc_nano.a(libc_a-callocr.o)
                              C:/ST/STM32CubeIDE_1.17.0/STM32CubeIDE/plugins/com.st.stm32cube.ide.mcu.externaltools.gnu-tools-for-stm32.12.3.rel1.win32_1.1.0.202410251130/tools/bin/../lib/gcc/arm-none-eabi/12.3.1/../../../../arm-none-eabi/lib/thumb/v7e-m+fp/hard\libc_nano.a(libc_a-calloc.o) (_calloc_r)
C:/ST/STM32CubeIDE_1.17.0/STM32CubeIDE/plugins/com.st.stm32cube.ide.mcu.externaltools.gnu-tools-for-stm32.12.3.rel1.win32_1.1.0.202410251130/tools/bin/../lib/gcc/arm-none-eabi/12.3.1/../../../../arm-none-eabi/lib/thumb/v7e-m+fp/hard\libc_nano.a(libc_a-exit.o)
                              C:/ST/STM32CubeIDE_1.17.0/STM32CubeIDE/plugins/com.st.stm32cube.ide.mcu.externaltools.gnu-tools-for-stm32.12.3.rel1.win32_1.1.0.202410251130/tools/bin/../lib/gcc/arm-none-eabi/12.3.1/../../../../arm-none-eabi/lib/thumb/v7e-m+fp/hard/crt0.o (exit)
C:/ST/STM32CubeIDE_1.17.0/STM32CubeIDE/plugins/com.st.stm32cube.ide.mcu.externaltools.gnu-tools-for-stm32.12.3.rel1.win32_1.1.0.202410251130/tools/bin/../lib/gcc/arm-none-eabi/12.3.1/../../../../arm-none-eabi/lib/thumb/v7e-m+fp/hard\libc_nano.a(libc_a-malloc.o)
                              ./ADBMS6830/lib/src/adBms6830GenericType.o (free)
C:/ST/STM32CubeIDE_1.17.0/STM32CubeIDE/plugins/com.st.stm32cube.ide.mcu.externaltools.gnu-tools-for-stm32.12.3.rel1.win32_1.1.0.202410251130/tools/bin/../lib/gcc/arm-none-eabi/12.3.1/../../../../arm-none-eabi/lib/thumb/v7e-m+fp/hard\libc_nano.a(libc_a-mallocr.o)
                              C:/ST/STM32CubeIDE_1.17.0/STM32CubeIDE/plugins/com.st.stm32cube.ide.mcu.externaltools.gnu-tools-for-stm32.12.3.rel1.win32_1.1.0.202410251130/tools/bin/../lib/gcc/arm-none-eabi/12.3.1/../../../../arm-none-eabi/lib/thumb/v7e-m+fp/hard\libc_nano.a(libc_a-callocr.o) (_malloc_r)
C:/ST/STM32CubeIDE_1.17.0/STM32CubeIDE/plugins/com.st.stm32cube.ide.mcu.externaltools.gnu-tools-for-stm32.12.3.rel1.win32_1.1.0.202410251130/tools/bin/../lib/gcc/arm-none-eabi/12.3.1/../../../../arm-none-eabi/lib/thumb/v7e-m+fp/hard\libc_nano.a(libc_a-mlock.o)
                              C:/ST/STM32CubeIDE_1.17.0/STM32CubeIDE/plugins/com.st.stm32cube.ide.mcu.externaltools.gnu-tools-for-stm32.12.3.rel1.win32_1.1.0.202410251130/tools/bin/../lib/gcc/arm-none-eabi/12.3.1/../../../../arm-none-eabi/lib/thumb/v7e-m+fp/hard\libc_nano.a(libc_a-mallocr.o) (__malloc_lock)
C:/ST/STM32CubeIDE_1.17.0/STM32CubeIDE/plugins/com.st.stm32cube.ide.mcu.externaltools.gnu-tools-for-stm32.12.3.rel1.win32_1.1.0.202410251130/tools/bin/../lib/gcc/arm-none-eabi/12.3.1/../../../../arm-none-eabi/lib/thumb/v7e-m+fp/hard\libc_nano.a(libc_a-findfp.o)
                              C:/ST/STM32CubeIDE_1.17.0/STM32CubeIDE/plugins/com.st.stm32cube.ide.mcu.externaltools.gnu-tools-for-stm32.12.3.rel1.win32_1.1.0.202410251130/tools/bin/../lib/gcc/arm-none-eabi/12.3.1/../../../../arm-none-eabi/lib/thumb/v7e-m+fp/hard\libc_nano.a(libc_a-exit.o) (__stdio_exit_handler)
C:/ST/STM32CubeIDE_1.17.0/STM32CubeIDE/plugins/com.st.stm32cube.ide.mcu.externaltools.gnu-tools-for-stm32.12.3.rel1.win32_1.1.0.202410251130/tools/bin/../lib/gcc/arm-none-eabi/12.3.1/../../../../arm-none-eabi/lib/thumb/v7e-m+fp/hard\libc_nano.a(libc_a-fwalk.o)
                              C:/ST/STM32CubeIDE_1.17.0/STM32CubeIDE/plugins/com.st.stm32cube.ide.mcu.externaltools.gnu-tools-for-stm32.12.3.rel1.win32_1.1.0.202410251130/tools/bin/../lib/gcc/arm-none-eabi/12.3.1/../../../../arm-none-eabi/lib/thumb/v7e-m+fp/hard\libc_nano.a(libc_a-findfp.o) (_fwalk_sglue)
C:/ST/STM32CubeIDE_1.17.0/STM32CubeIDE/plugins/com.st.stm32cube.ide.mcu.externaltools.gnu-tools-for-stm32.12.3.rel1.win32_1.1.0.202410251130/tools/bin/../lib/gcc/arm-none-eabi/12.3.1/../../../../arm-none-eabi/lib/thumb/v7e-m+fp/hard\libc_nano.a(libc_a-printf.o)
                              ./ADBMS6830/program/src/adBms_Application.o (printf)
C:/ST/STM32CubeIDE_1.17.0/STM32CubeIDE/plugins/com.st.stm32cube.ide.mcu.externaltools.gnu-tools-for-stm32.12.3.rel1.win32_1.1.0.202410251130/tools/bin/../lib/gcc/arm-none-eabi/12.3.1/../../../../arm-none-eabi/lib/thumb/v7e-m+fp/hard\libc_nano.a(libc_a-putchar.o)
                              ./ADBMS6830/program/src/serialPrintResult.o (putchar)
[...]
Memory Configuration

Name             Origin             Length             Attributes
CCMRAM           0x10000000         0x00010000         xrw
RAM              0x20000000         0x00020000         xrw
FLASH            0x08000000         0x00100000         xr
*default*        0x00000000         0xffffffff

Linker script and memory map

LOAD C:/ST/STM32CubeIDE_1.17.0/STM32CubeIDE/plugins/com.st.stm32cube.ide.mcu.externaltools.gnu-tools-for-stm32.12.3.rel1.win32_1.1.0.202410251130/tools/bin/../lib/gcc/arm-none-eabi/12.3.1/thumb/v7e-m+fp/hard/crti.o
LOAD C:/ST/STM32CubeIDE_1.17.0/STM32CubeIDE/plugins/com.st.stm32cube.ide.mcu.externaltools.gnu-tools-for-stm32.12.3.rel1.win32_1.1.0.202410251130/tools/bin/../lib/gcc/arm-none-eabi/12.3.1/thumb/v7e-m+fp/hard/crtbegin.o
LOAD C:/ST/STM32CubeIDE_1.17.0/STM32CubeIDE/plugins/com.st.stm32cube.ide.mcu.externaltools.gnu-tools-for-stm32.12.3.rel1.win32_1.1.0.202410251130/tools/bin/../lib/gcc/arm-none-eabi/12.3.1/../../../../arm-none-eabi/lib/thumb/v7e-m+fp/hard/crt0.o
LOAD ./ADBMS6830/lib/src/adBms6830GenericType.o
LOAD ./ADBMS6830/lib/src/adBms6830ParseCreate.o
LOAD ./ADBMS6830/program/src/adBms_Application.o
LOAD ./ADBMS6830/program/src/mcuWrapper.o
LOAD ./ADBMS6830/program/src/serialPrintResult.o
LOAD ./Core/Src/main.o
LOAD ./Core/Src/stm32f4xx_hal_msp.o
LOAD ./Core/Src/stm32f4xx_it.o
LOAD ./Core/Src/syscalls.o
LOAD ./Core/Src/sysmem.o
LOAD ./Core/Src/system_stm32f4xx.o
LOAD ./Core/Startup/startup_stm32f405rgtx.o
LOAD ./Drivers/STM32F4xx_HAL_Driver/Src/stm32f4xx_hal.o
LOAD ./Drivers/STM32F4xx_HAL_Driver/Src/stm32f4xx_hal_adc.o
LOAD ./Drivers/STM32F4xx_HAL_Driver/Src/stm32f4xx_hal_adc_ex.o
LOAD ./Drivers/STM32F4xx_HAL_Driver/Src/stm32f4xx_hal_can.o
LOAD ./Drivers/STM32F4xx_HAL_Driver/Src/stm32f4xx_hal_cortex.o
LOAD ./Drivers/STM32F4xx_HAL_Driver/Src/stm32f4xx_hal_dma.o
LOAD ./Drivers/STM32F4xx_HAL_Driver/Src/stm32f4xx_hal_dma_ex.o
LOAD ./Drivers/STM32F4xx_HAL_Driver/Src/stm32f4xx_hal_exti.o
LOAD ./Drivers/STM32F4xx_HAL_Driver/Src/stm32f4xx_hal_flash.o
LOAD ./Drivers/STM32F4xx_HAL_Driver/Src/stm32f4xx_hal_flash_ex.o
LOAD ./Drivers/STM32F4xx_HAL_Driver/Src/stm32f4xx_hal_flash_ramfunc.o
LOAD ./Drivers/STM32F4xx_HAL_Driver/Src/stm32f4xx_hal_gpio.o
LOAD ./Drivers/STM32F4xx_HAL_Driver/Src/stm32f4xx_hal_pcd.o
LOAD ./Drivers/STM32F4xx_HAL_Driver/Src/stm32f4xx_hal_pcd_ex.o
LOAD ./Drivers/STM32F4xx_HAL_Driver/Src/stm32f4xx_hal_pwr.o
LOAD ./Drivers/STM32F4xx_HAL_Driver/Src/stm32f4xx_hal_pwr_ex.o
LOAD ./Drivers/STM32F4xx_HAL_Driver/Src/stm32f4xx_hal_rcc.o
LOAD ./Drivers/STM32F4xx_HAL_Driver/Src/stm32f4xx_hal_rcc_ex.o
LOAD ./Drivers/STM32F4xx_HAL_Driver/Src/stm32f4xx_hal_spi.o
LOAD ./Drivers/STM32F4xx_HAL_Driver/Src/stm32f4xx_hal_tim.o
LOAD ./Drivers/STM32F4xx_HAL_Driver/Src/stm32f4xx_hal_tim_ex.o
LOAD ./Drivers/STM32F4xx_HAL_Driver/Src/stm32f4xx_ll_adc.o
LOAD ./Drivers/STM32F4xx_HAL_Driver/Src/stm32f4xx_ll_usb.o
LOAD ./Middlewares/ST/STM32_USB_Device_Library/Class/CDC/Src/usbd_cdc.o
LOAD ./Middlewares/ST/STM32_USB_Device_Library/Core/Src/usbd_core.o
LOAD ./Middlewares/ST/STM32_USB_Device_Library/Core/Src/usbd_ctlreq.o
LOAD ./Middlewares/ST/STM32_USB_Device_Library/Core/Src/usbd_ioreq.o
LOAD ./USB_DEVICE/App/usb_device.o
LOAD ./USB_DEVICE/App/usbd_cdc_if.o
LOAD ./USB_DEVICE/App/usbd_desc.o
LOAD ./USB_DEVICE/Target/usbd_conf.o
START GROUP
LOAD C:/ST/STM32CubeIDE_1.17.0/STM32CubeIDE/plugins/com.st.stm32cube.ide.mcu.externaltools.gnu-tools-for-stm32.12.3.rel1.win32_1.1.0.202410251130/tools/bin/../lib/gcc/arm-none-eabi/12.3.1/../../../../arm-none-eabi/lib/thumb/v7e-m+fp/hard\libc_nano.a
LOAD C:/ST/STM32CubeIDE_1.17.0/STM32CubeIDE/plugins/com.st.stm32cube.ide.mcu.externaltools.gnu-tools-for-stm32.12.3.rel1.win32_1.1.0.202410251130/tools/bin/../lib/gcc/arm-none-eabi/12.3.1/../../../../arm-none-eabi/lib/thumb/v7e-m+fp/hard\libm.a
END GROUP
START GROUP
LOAD C:/ST/STM32CubeIDE_1.17.0/STM32CubeIDE/plugins/com.st.stm32cube.ide.mcu.externaltools.gnu-tools-for-stm32.12.3.rel1.win32_1.1.0.202410251130/tools/bin/../lib/gcc/arm-none-eabi/12.3.1/thumb/v7e-m+fp/hard\libgcc.a
LOAD C:/ST/STM32CubeIDE_1.17.0/STM32CubeIDE/plugins/com.st.stm32cube.ide.mcu.externaltools.gnu-tools-for-stm32.12.3.rel1.win32_1.1.0.202410251130/tools/bin/../lib/gcc/arm-none-eabi/12.3.1/../../../../arm-none-eabi/lib/thumb/v7e-m+fp/hard\libc_nano.a
END GROUP
START GROUP
LOAD C:/ST/STM32CubeIDE_1.17.0/STM32CubeIDE/plugins/com.st.stm32cube.ide.mcu.externaltools.gnu-tools-for-stm32.12.3.rel1.win32_1.1.0.202410251130/tools/bin/../lib/gcc/arm-none-eabi/12.3.1/thumb/v7e-m+fp/hard\libgcc.a
LOAD C:/ST/STM32CubeIDE_1.17.0/STM32CubeIDE/plugins/com.st.stm32cube.ide.mcu.externaltools.gnu-tools-for-stm32.12.3.rel1.win32_1.1.0.202410251130/tools/bin/../lib/gcc/arm-none-eabi/12.3.1/../../../../arm-none-eabi/lib/thumb/v7e-m+fp/hard\libc_nano.a
LOAD C:/ST/STM32CubeIDE_1.17.0/STM32CubeIDE/plugins/com.st.stm32cube.ide.mcu.externaltools.gnu-tools-for-stm32.12.3.rel1.win32_1.1.0.202410251130/tools/bin/../lib/gcc/arm-none-eabi/12.3.1/../../../../arm-none-eabi/lib/thumb/v7e-m+fp/hard\libnosys.a
END GROUP
START GROUP
LOAD C:/ST/STM32CubeIDE_1.17.0/STM32CubeIDE/plugins/com.st.stm32cube.ide.mcu.externaltools.gnu-tools-for-stm32.12.3.rel1.win32_1.1.0.202410251130/tools/bin/../lib/gcc/arm-none-eabi/12.3.1/thumb/v7e-m+fp/hard\libgcc.a
LOAD C:/ST/STM32CubeIDE_1.17.0/STM32CubeIDE/plugins/com.st.stm32cube.ide.mcu.externaltools.gnu-tools-for-stm32.12.3.rel1.win32_1.1.0.202410251130/tools/bin/../lib/gcc/arm-none-eabi/12.3.1/../../../../arm-none-eabi/lib/thumb/v7e-m+fp/hard\libc_nano.a
LOAD C:/ST/STM32CubeIDE_1.17.0/STM32CubeIDE/plugins/com.st.stm32cube.ide.mcu.externaltools.gnu-tools-for-stm32.12.3.rel1.win32_1.1.0.202410251130/tools/bin/../lib/gcc/arm-none-eabi/12.3.1/../../../../arm-none-eabi/lib/thumb/v7e-m+fp/hard\libnosys.a
END GROUP
LOAD C:/ST/STM32CubeIDE_1.17.0/STM32CubeIDE/plugins/com.st.stm32cube.ide.mcu.externaltools.gnu-tools-for-stm32.12.3.rel1.win32_1.1.0.202410251130/tools/bin/../lib/gcc/arm-none-eabi/12.3.1/thumb/v7e-m+fp/hard/crtend.o
LOAD C:/ST/STM32CubeIDE_1.17.0/STM32CubeIDE/plugins/com.st.stm32cube.ide.mcu.externaltools.gnu-tools-for-stm32.12.3.rel1.win32_1.1.0.202410251130/tools/bin/../lib/gcc/arm-none-eabi/12.3.1/thumb/v7e-m+fp/hard/crtn.o
                0x20020000                        _estack = (ORIGIN (RAM) + LENGTH (RAM))
                0x00000200                        _Min_Heap_Size = 0x200
                0x00000400                        _Min_Stack_Size = 0x400

.isr_vector     0x08000000      0x188
                0x08000000                        . = ALIGN (0x4)
 *(.isr_vector)
 .isr_vector    0x08000000      0x188 ./Core/Startup/startup_stm32f405rgtx.o
                0x08000000                g_pfnVectors
                0x08000188                        . = ALIGN (0x4)

.text           0x08000190    0x13c6c
                0x08000190                        . = ALIGN (0x4)
 *(.text)
 .text          0x08000190       0x40 C:/ST/STM32CubeIDE_1.17.0/STM32CubeIDE/plugins/com.st.stm32cube.ide.mcu.externaltools.gnu-tools-for-stm32.12.3.rel1.win32_1.1.0.202410251130/tools/bin/../lib/gcc/arm-none-eabi/12.3.1/thumb/v7e-m+fp/hard/crtbegin.o
 .text          0x080001d0       0xa0 C:/ST/STM32CubeIDE_1.17.0/STM32CubeIDE/plugins/com.st.stm32cube.ide.mcu.externaltools.gnu-tools-for-stm32.12.3.rel1.win32_1.1.0.202410251130/tools/bin/../lib/gcc/arm-none-eabi/12.3.1/../../../../arm-none-eabi/lib/thumb/v7e-m+fp/hard\libc_nano.a(libc_a-memchr.o)
                0x080001d0                memchr
 .text          0x08000270      0x378 C:/ST/STM32CubeIDE_1.17.0/STM32CubeIDE/plugins/com.st.stm32cube.ide.mcu.externaltools.gnu-tools-for-stm32.12.3.rel1.win32_1.1.0.202410251130/tools/bin/../lib/gcc/arm-none-eabi/12.3.1/thumb/v7e-m+fp/hard\libgcc.a(_arm_addsubdf3.o)
                0x08000270                __aeabi_drsub
                0x08000278                __aeabi_dsub
                0x08000278                __subdf3
                0x0800027c                __aeabi_dadd
                0x0800027c                __adddf3
                0x080004f4                __floatunsidf
                0x080004f4                __aeabi_ui2d
                0x08000514                __floatsidf
                0x08000514                __aeabi_i2d
                0x08000538                __aeabi_f2d
                0x08000538                __extendsfdf2
                0x0800057c                __floatundidf
                0x0800057c                __aeabi_ul2d
                0x0800058c                __floatdidf
                0x0800058c                __aeabi_l2d
 .text          0x080005e8      0x424 C:/ST/STM32CubeIDE_1.17.0/STM32CubeIDE/plugins/com.st.stm32cube.ide.mcu.externaltools.gnu-tools-for-stm32.12.3.rel1.win32_1.1.0.202410251130/tools/bin/../lib/gcc/arm-none-eabi/12.3.1/thumb/v7e-m+fp/hard\libgcc.a(_arm_muldivdf3.o)
                0x080005e8                __aeabi_dmul
                0x080005e8                __muldf3
                0x0800083c                __divdf3
                0x0800083c                __aeabi_ddiv
 .text          0x08000a0c       0xa0 C:/ST/STM32CubeIDE_1.17.0/STM32CubeIDE/plugins/com.st.stm32cube.ide.mcu.externaltools.gnu-tools-for-stm32.12.3.rel1.win32_1.1.0.202410251130/tools/bin/../lib/gcc/arm-none-eabi/12.3.1/thumb/v7e-m+fp/hard\libgcc.a(_arm_truncdfsf2.o)
                0x08000a0c                __truncdfsf2
                0x08000a0c                __aeabi_d2f
 .text          0x08000aac       0x30 C:/ST/STM32CubeIDE_1.17.0/STM32CubeIDE/plugins/com.st.stm32cube.ide.mcu.externaltools.gnu-tools-for-stm32.12.3.rel1.win32_1.1.0.202410251130/tools/bin/../lib/gcc/arm-none-eabi/12.3.1/thumb/v7e-m+fp/hard\libgcc.a(_aeabi_uldivmod.o)
                0x08000aac                __aeabi_uldivmod
 .text          0x08000adc      0x2bc C:/ST/STM32CubeIDE_1.17.0/STM32CubeIDE/plugins/com.st.stm32cube.ide.mcu.externaltools.gnu-tools-for-stm32.12.3.rel1.win32_1.1.0.202410251130/tools/bin/../lib/gcc/arm-none-eabi/12.3.1/thumb/v7e-m+fp/hard\libgcc.a(_udivmoddi4.o)
                0x08000adc                __udivmoddi4
 .text          0x08000d98        0x4 C:/ST/STM32CubeIDE_1.17.0/STM32CubeIDE/plugins/com.st.stm32cube.ide.mcu.externaltools.gnu-tools-for-stm32.12.3.rel1.win32_1.1.0.202410251130/tools/bin/../lib/gcc/arm-none-eabi/12.3.1/thumb/v7e-m+fp/hard\libgcc.a(_dvmd_tls.o)
                0x08000d98                __aeabi_idiv0
                0x08000d98                __aeabi_ldiv0
 *(.text*)
 .text.Pec15_Calc
                0x08000d9c       0x68 ./ADBMS6830/lib/src/adBms6830GenericType.o
                0x08000d9c                Pec15_Calc
 .text.pec10_calc
                0x08000e04       0xd8 ./ADBMS6830/lib/src/adBms6830GenericType.o
                0x08000e04                pec10_calc
 .text.spiSendCmd
                0x08000edc       0x50 ./ADBMS6830/lib/src/adBms6830GenericType.o
                0x08000edc                spiSendCmd
 .text.spiReadData
                0x08000f2c      0x208 ./ADBMS6830/lib/src/adBms6830GenericType.o
                0x08000f2c                spiReadData
 .text.spiWriteData
                0x08001134      0x188 ./ADBMS6830/lib/src/adBms6830GenericType.o
                0x08001134                spiWriteData
 .text.adBmsReadData
                0x080012bc      0xa70 ./ADBMS6830/lib/src/adBms6830GenericType.o
                0x080012bc                adBmsReadData
 .text.adBmsWriteData
                0x08001d2c      0x348 ./ADBMS6830/lib/src/adBms6830GenericType.o
                0x08001d2c                adBmsWriteData
 .text.adBmsPollAdc
                0x08002074       0x80 ./ADBMS6830/lib/src/adBms6830GenericType.o
                0x08002074                adBmsPollAdc
 .text.adBms6830_Adcv
                0x080020f4       0x66 ./ADBMS6830/lib/src/adBms6830GenericType.o
                0x080020f4                adBms6830_Adcv
 .text.adBms6830_Adsv
                0x0800215a       0x4a ./ADBMS6830/lib/src/adBms6830GenericType.o
                0x0800215a                adBms6830_Adsv
 .text.adBms6830_Adax
                0x080021a4       0x58 ./ADBMS6830/lib/src/adBms6830GenericType.o
                0x080021a4                adBms6830_Adax
 .text.adBms6830_Adax2
                0x080021fc       0x2a ./ADBMS6830/lib/src/adBms6830GenericType.o
                0x080021fc                adBms6830_Adax2
 *fill*         0x08002226        0x2 
 .text.SetOverVoltageThreshold
                0x08002228       0x80 ./ADBMS6830/lib/src/adBms6830ParseCreate.o
                0x08002228                SetOverVoltageThreshold
 .text.SetUnderVoltageThreshold
                0x080022a8       0x80 ./ADBMS6830/lib/src/adBms6830ParseCreate.o
                0x080022a8                SetUnderVoltageThreshold
 .text.adBms6830ParseConfiga
                0x08002328      0x292 ./ADBMS6830/lib/src/adBms6830ParseCreate.o
                0x08002328                adBms6830ParseConfiga
 .text.adBms6830ParseConfigb
                0x080025ba      0x1ba ./ADBMS6830/lib/src/adBms6830ParseCreate.o
                0x080025ba                adBms6830ParseConfigb
 .text.adBms6830ParseConfig
                0x08002774       0x42 ./ADBMS6830/lib/src/adBms6830ParseCreate.o
                0x08002774                adBms6830ParseConfig
 *fill*         0x080027b6        0x2 
 .text.adBms6830ParseCell
                0x080027b8      0x5b8 ./ADBMS6830/lib/src/adBms6830ParseCreate.o
                0x080027b8                adBms6830ParseCell
 .text.adBms6830ParseAverageCell
                0x08002d70      0x5f8 ./ADBMS6830/lib/src/adBms6830ParseCreate.o
                0x08002d70                adBms6830ParseAverageCell
 .text.adBms6830ParseSCell
                0x08003368      0x5f8 ./ADBMS6830/lib/src/adBms6830ParseCreate.o
                0x08003368                adBms6830ParseSCell
 .text.adBms6830ParseFCell
                0x08003960      0x5f8 ./ADBMS6830/lib/src/adBms6830ParseCreate.o
                0x08003960                adBms6830ParseFCell
 .text.adBms6830ParseAux
                0x08003f58      0x4a0 ./ADBMS6830/lib/src/adBms6830ParseCreate.o
                0x08003f58                adBms6830ParseAux
 .text.adBms6830ParseRAux
                0x080043f8      0x3f8 ./ADBMS6830/lib/src/adBms6830ParseCreate.o
                0x080043f8                adBms6830ParseRAux
 .text.adBms6830ParseStatusA
                0x080047f0      0x120 ./ADBMS6830/lib/src/adBms6830ParseCreate.o
                0x080047f0                adBms6830ParseStatusA
 .text.adBms6830ParseStatusB
                0x08004910      0x11a ./ADBMS6830/lib/src/adBms6830ParseCreate.o
                0x08004910                adBms6830ParseStatusB
 .text.adBms6830ParseStatusC
                0x08004a2a      0x3fc ./ADBMS6830/lib/src/adBms6830ParseCreate.o
                0x08004a2a                adBms6830ParseStatusC
 .text.adBms6830ParseStatusD
                0x08004e26      0x684 ./ADBMS6830/lib/src/adBms6830ParseCreate.o
                0x08004e26                adBms6830ParseStatusD
 .text.adBms6830ParseStatusE
                0x080054aa       0xe8 ./ADBMS6830/lib/src/adBms6830ParseCreate.o
                0x080054aa                adBms6830ParseStatusE
 *fill*         0x08005592        0x2 
 .text.adBms6830ParseStatus
                0x08005594       0xf4 ./ADBMS6830/lib/src/adBms6830ParseCreate.o
                0x08005594                adBms6830ParseStatus
 .text.adBms6830ParseComm
                0x08005688      0x1be ./ADBMS6830/lib/src/adBms6830ParseCreate.o
                0x08005688                adBms6830ParseComm
 .text.adBms6830ParseSID
                0x08005846      0x134 ./ADBMS6830/lib/src/adBms6830ParseCreate.o
                0x08005846                adBms6830ParseSID
 .text.adBms6830ParsePwma
                0x0800597a      0x248 ./ADBMS6830/lib/src/adBms6830ParseCreate.o
                0x0800597a                adBms6830ParsePwma
 .text.adBms6830ParsePwmb
                0x08005bc2       0xfe ./ADBMS6830/lib/src/adBms6830ParseCreate.o
                0x08005bc2                adBms6830ParsePwmb
 .text.adBms6830ParsePwm
                0x08005cc0       0x42 ./ADBMS6830/lib/src/adBms6830ParseCreate.o
                0x08005cc0                adBms6830ParsePwm
 .text.adBms6830CreateConfiga
                0x08005d02      0x212 ./ADBMS6830/lib/src/adBms6830ParseCreate.o
                0x08005d02                adBms6830CreateConfiga
 .text.adBms6830CreateConfigb
                0x08005f14      0x17e ./ADBMS6830/lib/src/adBms6830ParseCreate.o
                0x08005f14                adBms6830CreateConfigb
 .text.adBms6830CreateClrflagData
                0x08006092      0x282 ./ADBMS6830/lib/src/adBms6830ParseCreate.o
                0x08006092                adBms6830CreateClrflagData
 .text.adBms6830CreateComm
                0x08006314      0x174 ./ADBMS6830/lib/src/adBms6830ParseCreate.o
                0x08006314                adBms6830CreateComm
 .text.adBms6830CreatePwma
                0x08006488      0x1e0 ./ADBMS6830/lib/src/adBms6830ParseCreate.o
                0x08006488                adBms6830CreatePwma
 .text.adBms6830CreatePwmb
                0x08006668       0xbe ./ADBMS6830/lib/src/adBms6830ParseCreate.o
                0x08006668                adBms6830CreatePwmb
 *fill*         0x08006726        0x2 
 .text.adbms_main
                0x08006728       0x3c ./ADBMS6830/program/src/adBms_Application.o
                0x08006728                adbms_main
 .text.run_command
                0x08006764      0x204 ./ADBMS6830/program/src/adBms_Application.o
                0x08006764                run_command
 .text.adBms6830_init_config
                0x08006968       0xc8 ./ADBMS6830/program/src/adBms_Application.o
                0x08006968                adBms6830_init_config
 .text.adBms6830_write_read_config
                0x08006a30       0x84 ./ADBMS6830/program/src/adBms_Application.o
                0x08006a30                adBms6830_write_read_config
 .text.adBms6830_read_config
                0x08006ab4       0x50 ./ADBMS6830/program/src/adBms_Application.o
                0x08006ab4                adBms6830_read_config
 .text.adBms6830_start_adc_cell_voltage_measurment
                0x08006b04       0x74 ./ADBMS6830/program/src/adBms_Application.o
                0x08006b04                adBms6830_start_adc_cell_voltage_measurment
 .text.adBms6830_read_cell_voltages
                0x08006b78       0xa0 ./ADBMS6830/program/src/adBms_Application.o
                0x08006b78                adBms6830_read_cell_voltages
 .text.adBms6830_start_adc_s_voltage_measurment
                0x08006c18       0x60 ./ADBMS6830/program/src/adBms_Application.o
                0x08006c18                adBms6830_start_adc_s_voltage_measurment
 .text.adBms6830_read_s_voltages
                0x08006c78       0xa0 ./ADBMS6830/program/src/adBms_Application.o
                0x08006c78                adBms6830_read_s_voltages
 .text.adBms6830_start_avgcell_voltage_measurment
                0x08006d18       0x6c ./ADBMS6830/program/src/adBms_Application.o
                0x08006d18                adBms6830_start_avgcell_voltage_measurment
 .text.adBms6830_read_avgcell_voltages
                0x08006d84       0xa0 ./ADBMS6830/program/src/adBms_Application.o
                0x08006d84                adBms6830_read_avgcell_voltages
 .text.adBms6830_start_fcell_voltage_measurment
                0x08006e24       0x74 ./ADBMS6830/program/src/adBms_Application.o
                0x08006e24                adBms6830_start_fcell_voltage_measurment
 .text.adBms6830_read_fcell_voltages
                0x08006e98       0xa0 ./ADBMS6830/program/src/adBms_Application.o
                0x08006e98                adBms6830_read_fcell_voltages
 .text.adBms6830_start_aux_voltage_measurment
                0x08006f38       0xbc ./ADBMS6830/program/src/adBms_Application.o
                0x08006f38                adBms6830_start_aux_voltage_measurment
 .text.adBms6830_read_aux_voltages
                0x08006ff4       0x78 ./ADBMS6830/program/src/adBms_Application.o
                0x08006ff4                adBms6830_read_aux_voltages
 .text.adBms6830_start_raux_voltage_measurment
                0x0800706c       0xac ./ADBMS6830/program/src/adBms_Application.o
                0x0800706c                adBms6830_start_raux_voltage_measurment
 .text.adBms6830_read_raux_voltages
                0x08007118       0x78 ./ADBMS6830/program/src/adBms_Application.o
                0x08007118                adBms6830_read_raux_voltages
 .text.adBms6830_read_status_registers
                0x08007190      0x134 ./ADBMS6830/program/src/adBms_Application.o
                0x08007190                adBms6830_read_status_registers
 .text.measurement_loop
                0x080072c4      0x3dc ./ADBMS6830/program/src/adBms_Application.o
                0x080072c4                measurement_loop
 .text.adBms6830_clear_cell_measurement
                0x080076a0       0x30 ./ADBMS6830/program/src/adBms_Application.o
                0x080076a0                adBms6830_clear_cell_measurement
 .text.adBms6830_clear_aux_measurement
                0x080076d0       0x30 ./ADBMS6830/program/src/adBms_Application.o
                0x080076d0                adBms6830_clear_aux_measurement
 .text.adBms6830_clear_spin_measurement
                0x08007700       0x30 ./ADBMS6830/program/src/adBms_Application.o
                0x08007700                adBms6830_clear_spin_measurement
 .text.adBms6830_clear_fcell_measurement
                0x08007730       0x30 ./ADBMS6830/program/src/adBms_Application.o
                0x08007730                adBms6830_clear_fcell_measurement
 .text.Delay_ms
                0x08007760       0x16 ./ADBMS6830/program/src/mcuWrapper.o
                0x08007760                Delay_ms
 *fill*         0x08007776        0x2 
 .text.adBmsCsLow
                0x08007778       0x18 ./ADBMS6830/program/src/mcuWrapper.o
                0x08007778                adBmsCsLow
 .text.adBmsCsHigh
                0x08007790       0x18 ./ADBMS6830/program/src/mcuWrapper.o
                0x08007790                adBmsCsHigh
 .text.spiWriteBytes
                0x080077a8       0x28 ./ADBMS6830/program/src/mcuWrapper.o
                0x080077a8                spiWriteBytes
 .text.spiWriteReadBytes
                0x080077d0       0x3c ./ADBMS6830/program/src/mcuWrapper.o
                0x080077d0                spiWriteReadBytes
 .text.spiReadBytes
                0x0800780c       0x28 ./ADBMS6830/program/src/mcuWrapper.o
                0x0800780c                spiReadBytes
 .text.startTimer
                0x08007834       0x18 ./ADBMS6830/program/src/mcuWrapper.o
                0x08007834                startTimer
 .text.stopTimer
                0x0800784c       0x18 ./ADBMS6830/program/src/mcuWrapper.o
                0x0800784c                stopTimer
 .text.getTimCount
                0x08007864       0x30 ./ADBMS6830/program/src/mcuWrapper.o
                0x08007864                getTimCount
 .text.adBmsWakeupIc
                0x08007894       0x3c ./ADBMS6830/program/src/mcuWrapper.o
                0x08007894                adBmsWakeupIc
 .text.printWriteConfig
                0x080078d0      0x30c ./ADBMS6830/program/src/serialPrintResult.o
                0x080078d0                printWriteConfig
 .text.printReadConfig
                0x08007bdc      0x794 ./ADBMS6830/program/src/serialPrintResult.o
                0x08007bdc                printReadConfig
 .text.printVoltages
                0x08008370      0x414 ./ADBMS6830/program/src/serialPrintResult.o
                0x08008370                printVoltages
 *fill*         0x08008784        0x4 
 .text.printStatus
                0x08008788     0x1278 ./ADBMS6830/program/src/serialPrintResult.o
                0x08008788                printStatus
 .text.printPollAdcConvTime
                0x08009a00       0x48 ./ADBMS6830/program/src/serialPrintResult.o
                0x08009a00                printPollAdcConvTime
 .text.printMenu
                0x08009a48      0x100 ./ADBMS6830/program/src/serialPrintResult.o
                0x08009a48                printMenu
 .text.getVoltage
                0x08009b48       0x48 ./ADBMS6830/program/src/serialPrintResult.o
                0x08009b48                getVoltage
 .text.main     0x08009b90       0x30 ./Core/Src/main.o
                0x08009b90                main
 .text.SystemClock_Config
                0x08009bc0       0xd8 ./Core/Src/main.o
                0x08009bc0                SystemClock_Config
 .text.MX_ADC1_Init
                0x08009c98       0xa4 ./Core/Src/main.o
 .text.MX_CAN1_Init
                0x08009d3c       0x68 ./Core/Src/main.o
 .text.MX_CAN2_Init
                0x08009da4       0x68 ./Core/Src/main.o
 .text.MX_SPI1_Init
                0x08009e0c       0x6c ./Core/Src/main.o
 .text.MX_TIM2_Init
                0x08009e78       0x98 ./Core/Src/main.o
 .text.MX_GPIO_Init
                0x08009f10      0x14c ./Core/Src/main.o
 .text.Error_Handler
                0x0800a05c        0xc ./Core/Src/main.o
                0x0800a05c                Error_Handler
 .text.HAL_MspInit
                0x0800a068       0x50 ./Core/Src/stm32f4xx_hal_msp.o
                0x0800a068                HAL_MspInit
 .text.HAL_ADC_MspInit
                0x0800a0b8       0xc0 ./Core/Src/stm32f4xx_hal_msp.o
                0x0800a0b8                HAL_ADC_MspInit
 .text.HAL_CAN_MspInit
                0x0800a178      0x140 ./Core/Src/stm32f4xx_hal_msp.o
                0x0800a178                HAL_CAN_MspInit
 .text.HAL_SPI_MspInit
                0x0800a2b8       0x90 ./Core/Src/stm32f4xx_hal_msp.o
                0x0800a2b8                HAL_SPI_MspInit
 .text.HAL_TIM_Base_MspInit
                0x0800a348       0x40 ./Core/Src/stm32f4xx_hal_msp.o
                0x0800a348                HAL_TIM_Base_MspInit
 .text.NMI_Handler
                0x0800a388        0x8 ./Core/Src/stm32f4xx_it.o
                0x0800a388                NMI_Handler
 .text.HardFault_Handler
                0x0800a390        0x8 ./Core/Src/stm32f4xx_it.o
                0x0800a390                HardFault_Handler
 .text.MemManage_Handler
                0x0800a398        0x8 ./Core/Src/stm32f4xx_it.o
                0x0800a398                MemManage_Handler
 .text.BusFault_Handler
                0x0800a3a0        0x8 ./Core/Src/stm32f4xx_it.o
                0x0800a3a0                BusFault_Handler
 .text.UsageFault_Handler
                0x0800a3a8        0x8 ./Core/Src/stm32f4xx_it.o
                0x0800a3a8                UsageFault_Handler
 .text.SVC_Handler
                0x0800a3b0        0xe ./Core/Src/stm32f4xx_it.o
                0x0800a3b0                SVC_Handler
 .text.DebugMon_Handler
                0x0800a3be        0xe ./Core/Src/stm32f4xx_it.o
                0x0800a3be                DebugMon_Handler
 .text.PendSV_Handler
                0x0800a3cc        0xe ./Core/Src/stm32f4xx_it.o
                0x0800a3cc                PendSV_Handler
 .text.SysTick_Handler
                0x0800a3da        0xc ./Core/Src/stm32f4xx_it.o
                0x0800a3da                SysTick_Handler
 *fill*         0x0800a3e6        0x2 
 .text.OTG_FS_IRQHandler
                0x0800a3e8       0x14 ./Core/Src/stm32f4xx_it.o
                0x0800a3e8                OTG_FS_IRQHandler
 .text._kill    0x0800a3fc       0x20 ./Core/Src/syscalls.o
                0x0800a3fc                _kill
 .text._exit    0x0800a41c       0x16 ./Core/Src/syscalls.o
                0x0800a41c                _exit
 .text._read    0x0800a432       0x3a ./Core/Src/syscalls.o
                0x0800a432                _read
 .text._write   0x0800a46c       0x38 ./Core/Src/syscalls.o
                0x0800a46c                _write
 .text._close   0x0800a4a4       0x18 ./Core/Src/syscalls.o
                0x0800a4a4                _close
 .text._fstat   0x0800a4bc       0x20 ./Core/Src/syscalls.o
                0x0800a4bc                _fstat
 .text._isatty  0x0800a4dc       0x16 ./Core/Src/syscalls.o
                0x0800a4dc                _isatty
 .text._lseek   0x0800a4f2       0x1a ./Core/Src/syscalls.o
                0x0800a4f2                _lseek
 .text._sbrk    0x0800a50c       0x6c ./Core/Src/sysmem.o
                0x0800a50c                _sbrk
 .text.SystemInit
                0x0800a578       0x24 ./Core/Src/system_stm32f4xx.o
                0x0800a578                SystemInit
 .text.Reset_Handler
                0x0800a59c       0x50 ./Core/Startup/startup_stm32f405rgtx.o
                0x0800a59c                Reset_Handler
 .text.Default_Handler
                0x0800a5ec        0x2 ./Core/Startup/startup_stm32f405rgtx.o
                0x0800a5ec                RTC_Alarm_IRQHandler
                0x0800a5ec                HASH_RNG_IRQHandler
                0x0800a5ec                EXTI2_IRQHandler
                0x0800a5ec                TIM8_CC_IRQHandler
                0x0800a5ec                TIM1_CC_IRQHandler
                0x0800a5ec                DMA2_Stream5_IRQHandler
                0x0800a5ec                DMA1_Stream5_IRQHandler
                0x0800a5ec                PVD_IRQHandler
                0x0800a5ec                SDIO_IRQHandler
                0x0800a5ec                TAMP_STAMP_IRQHandler
                0x0800a5ec                CAN2_RX1_IRQHandler
                0x0800a5ec                EXTI3_IRQHandler
                0x0800a5ec                TIM8_TRG_COM_TIM14_IRQHandler
                0x0800a5ec                TIM1_UP_TIM10_IRQHandler
                0x0800a5ec                TIM8_UP_TIM13_IRQHandler
                0x0800a5ec                I2C3_ER_IRQHandler
                0x0800a5ec                EXTI0_IRQHandler
                0x0800a5ec                I2C2_EV_IRQHandler
                0x0800a5ec                DMA1_Stream2_IRQHandler
                0x0800a5ec                CAN1_RX0_IRQHandler
                0x0800a5ec                FPU_IRQHandler
                0x0800a5ec                OTG_HS_WKUP_IRQHandler
                0x0800a5ec                CAN2_SCE_IRQHandler
                0x0800a5ec                DMA2_Stream2_IRQHandler
                0x0800a5ec                SPI1_IRQHandler
                0x0800a5ec                TIM6_DAC_IRQHandler
                0x0800a5ec                TIM1_BRK_TIM9_IRQHandler
                0x0800a5ec                CAN2_RX0_IRQHandler
                0x0800a5ec                DMA2_Stream3_IRQHandler
                0x0800a5ec                USART6_IRQHandler
                0x0800a5ec                USART3_IRQHandler
                0x0800a5ec                CAN1_RX1_IRQHandler
                0x0800a5ec                UART5_IRQHandler
                0x0800a5ec                DMA2_Stream0_IRQHandler
                0x0800a5ec                TIM4_IRQHandler
                0x0800a5ec                I2C1_EV_IRQHandler
                0x0800a5ec                DMA1_Stream6_IRQHandler
                0x0800a5ec                DMA1_Stream1_IRQHandler
                0x0800a5ec                UART4_IRQHandler
                0x0800a5ec                TIM3_IRQHandler
                0x0800a5ec                RCC_IRQHandler
                0x0800a5ec                TIM8_BRK_TIM12_IRQHandler
                0x0800a5ec                Default_Handler
                0x0800a5ec                EXTI15_10_IRQHandler
                0x0800a5ec                ADC_IRQHandler
                0x0800a5ec                DMA1_Stream7_IRQHandler
                0x0800a5ec                TIM7_IRQHandler
                0x0800a5ec                CAN2_TX_IRQHandler
                0x0800a5ec                TIM5_IRQHandler
                0x0800a5ec                DMA2_Stream7_IRQHandler
                0x0800a5ec                I2C3_EV_IRQHandler
                0x0800a5ec                EXTI9_5_IRQHandler
                0x0800a5ec                RTC_WKUP_IRQHandler
                0x0800a5ec                SPI2_IRQHandler
                0x0800a5ec                OTG_HS_EP1_IN_IRQHandler
                0x0800a5ec                DMA1_Stream0_IRQHandler
                0x0800a5ec                CAN1_TX_IRQHandler
                0x0800a5ec                EXTI4_IRQHandler
                0x0800a5ec                FSMC_IRQHandler
                0x0800a5ec                OTG_HS_EP1_OUT_IRQHandler
                0x0800a5ec                WWDG_IRQHandler
                0x0800a5ec                TIM2_IRQHandler
                0x0800a5ec                OTG_FS_WKUP_IRQHandler
                0x0800a5ec                TIM1_TRG_COM_TIM11_IRQHandler
                0x0800a5ec                OTG_HS_IRQHandler
                0x0800a5ec                EXTI1_IRQHandler
                0x0800a5ec                USART2_IRQHandler
                0x0800a5ec                I2C2_ER_IRQHandler
                0x0800a5ec                DMA2_Stream1_IRQHandler
                0x0800a5ec                CAN1_SCE_IRQHandler
                0x0800a5ec                FLASH_IRQHandler
                0x0800a5ec                DMA2_Stream4_IRQHandler
                0x0800a5ec                USART1_IRQHandler
                0x0800a5ec                SPI3_IRQHandler
                0x0800a5ec                DMA1_Stream4_IRQHandler
                0x0800a5ec                I2C1_ER_IRQHandler
                0x0800a5ec                DMA2_Stream6_IRQHandler
                0x0800a5ec                DMA1_Stream3_IRQHandler
 *fill*         0x0800a5ee        0x2 
 .text.HAL_Init
                0x0800a5f0       0x44 ./Drivers/STM32F4xx_HAL_Driver/Src/stm32f4xx_hal.o
                0x0800a5f0                HAL_Init
 .text.HAL_InitTick
                0x0800a634       0x60 ./Drivers/STM32F4xx_HAL_Driver/Src/stm32f4xx_hal.o
                0x0800a634                HAL_InitTick
 .text.HAL_IncTick
                0x0800a694       0x28 ./Drivers/STM32F4xx_HAL_Driver/Src/stm32f4xx_hal.o
                0x0800a694                HAL_IncTick
 .text.HAL_GetTick
                0x0800a6bc       0x18 ./Drivers/STM32F4xx_HAL_Driver/Src/stm32f4xx_hal.o
                0x0800a6bc                HAL_GetTick
 .text.HAL_Delay
                0x0800a6d4       0x48 ./Drivers/STM32F4xx_HAL_Driver/Src/stm32f4xx_hal.o
                0x0800a6d4                HAL_Delay
 .text.HAL_ADC_Init
                0x0800a71c       0x86 ./Drivers/STM32F4xx_HAL_Driver/Src/stm32f4xx_hal_adc.o
                0x0800a71c                HAL_ADC_Init
 *fill*         0x0800a7a2        0x2 
 .text.HAL_ADC_ConfigChannel
                0x0800a7a4      0x244 ./Drivers/STM32F4xx_HAL_Driver/Src/stm32f4xx_hal_adc.o
                0x0800a7a4                HAL_ADC_ConfigChannel
 .text.ADC_Init
                0x0800a9e8      0x1f8 ./Drivers/STM32F4xx_HAL_Driver/Src/stm32f4xx_hal_adc.o
 .text.HAL_CAN_Init
                0x0800abe0      0x1f6 ./Drivers/STM32F4xx_HAL_Driver/Src/stm32f4xx_hal_can.o
                0x0800abe0                HAL_CAN_Init
 *fill*         0x0800add6        0x2 
 .text.__NVIC_SetPriorityGrouping
                0x0800add8       0x48 ./Drivers/STM32F4xx_HAL_Driver/Src/stm32f4xx_hal_cortex.o
 .text.__NVIC_GetPriorityGrouping
                0x0800ae20       0x1c ./Drivers/STM32F4xx_HAL_Driver/Src/stm32f4xx_hal_cortex.o
 .text.__NVIC_EnableIRQ
                0x0800ae3c       0x3c ./Drivers/STM32F4xx_HAL_Driver/Src/stm32f4xx_hal_cortex.o
 .text.__NVIC_SetPriority
                0x0800ae78       0x54 ./Drivers/STM32F4xx_HAL_Driver/Src/stm32f4xx_hal_cortex.o
 .text.NVIC_EncodePriority
                0x0800aecc       0x66 ./Drivers/STM32F4xx_HAL_Driver/Src/stm32f4xx_hal_cortex.o
 *fill*         0x0800af32        0x2 
 .text.SysTick_Config
                0x0800af34       0x44 ./Drivers/STM32F4xx_HAL_Driver/Src/stm32f4xx_hal_cortex.o
 .text.HAL_NVIC_SetPriorityGrouping
                0x0800af78       0x16 ./Drivers/STM32F4xx_HAL_Driver/Src/stm32f4xx_hal_cortex.o
                0x0800af78                HAL_NVIC_SetPriorityGrouping
 .text.HAL_NVIC_SetPriority
                0x0800af8e       0x38 ./Drivers/STM32F4xx_HAL_Driver/Src/stm32f4xx_hal_cortex.o
                0x0800af8e                HAL_NVIC_SetPriority
 .text.HAL_NVIC_EnableIRQ
                0x0800afc6       0x1c ./Drivers/STM32F4xx_HAL_Driver/Src/stm32f4xx_hal_cortex.o
                0x0800afc6                HAL_NVIC_EnableIRQ
 .text.HAL_SYSTICK_Config
                0x0800afe2       0x18 ./Drivers/STM32F4xx_HAL_Driver/Src/stm32f4xx_hal_cortex.o
                0x0800afe2                HAL_SYSTICK_Config
 *fill*         0x0800affa        0x2 
 .text.HAL_GPIO_Init
                0x0800affc      0x338 ./Drivers/STM32F4xx_HAL_Driver/Src/stm32f4xx_hal_gpio.o
                0x0800affc                HAL_GPIO_Init
 .text.HAL_GPIO_WritePin
                0x0800b334       0x32 ./Drivers/STM32F4xx_HAL_Driver/Src/stm32f4xx_hal_gpio.o
                0x0800b334                HAL_GPIO_WritePin
 .text.HAL_PCD_Init
                0x0800b366      0x21e ./Drivers/STM32F4xx_HAL_Driver/Src/stm32f4xx_hal_pcd.o
                0x0800b366                HAL_PCD_Init
 .text.HAL_PCD_Start
                0x0800b584       0x6a ./Drivers/STM32F4xx_HAL_Driver/Src/stm32f4xx_hal_pcd.o
                0x0800b584                HAL_PCD_Start
 .text.HAL_PCD_IRQHandler
                0x0800b5ee      0x942 ./Drivers/STM32F4xx_HAL_Driver/Src/stm32f4xx_hal_pcd.o
                0x0800b5ee                HAL_PCD_IRQHandler
 .text.HAL_PCD_SetAddress
                0x0800bf30       0x48 ./Drivers/STM32F4xx_HAL_Driver/Src/stm32f4xx_hal_pcd.o
                0x0800bf30                HAL_PCD_SetAddress
 .text.HAL_PCD_EP_Open
                0x0800bf78       0xd4 ./Drivers/STM32F4xx_HAL_Driver/Src/stm32f4xx_hal_pcd.o
                0x0800bf78                HAL_PCD_EP_Open
 .text.HAL_PCD_EP_Close
                0x0800c04c       0x94 ./Drivers/STM32F4xx_HAL_Driver/Src/stm32f4xx_hal_pcd.o
                0x0800c04c                HAL_PCD_EP_Close
 .text.HAL_PCD_EP_Receive
                0x0800c0e0       0x76 ./Drivers/STM32F4xx_HAL_Driver/Src/stm32f4xx_hal_pcd.o
                0x0800c0e0                HAL_PCD_EP_Receive
 .text.HAL_PCD_EP_GetRxCount
                0x0800c156       0x30 ./Drivers/STM32F4xx_HAL_Driver/Src/stm32f4xx_hal_pcd.o
                0x0800c156                HAL_PCD_EP_GetRxCount
 .text.HAL_PCD_EP_Transmit
                0x0800c186       0x74 ./Drivers/STM32F4xx_HAL_Driver/Src/stm32f4xx_hal_pcd.o
                0x0800c186                HAL_PCD_EP_Transmit
 .text.HAL_PCD_EP_SetStall
                0x0800c1fa       0xc6 ./Drivers/STM32F4xx_HAL_Driver/Src/stm32f4xx_hal_pcd.o
                0x0800c1fa                HAL_PCD_EP_SetStall
 .text.HAL_PCD_EP_ClrStall
                0x0800c2c0       0xac ./Drivers/STM32F4xx_HAL_Driver/Src/stm32f4xx_hal_pcd.o
                0x0800c2c0                HAL_PCD_EP_ClrStall
 .text.HAL_PCD_EP_Abort
                0x0800c36c       0x62 ./Drivers/STM32F4xx_HAL_Driver/Src/stm32f4xx_hal_pcd.o
                0x0800c36c                HAL_PCD_EP_Abort
 .text.PCD_WriteEmptyTxFifo
                0x0800c3ce      0x118 ./Drivers/STM32F4xx_HAL_Driver/Src/stm32f4xx_hal_pcd.o
 *fill*         0x0800c4e6        0x2 
 .text.PCD_EP_OutXfrComplete_int
                0x0800c4e8      0x1d0 ./Drivers/STM32F4xx_HAL_Driver/Src/stm32f4xx_hal_pcd.o
 .text.PCD_EP_OutSetupPacket_int
                0x0800c6b8       0x8c ./Drivers/STM32F4xx_HAL_Driver/Src/stm32f4xx_hal_pcd.o
 .text.HAL_PCDEx_SetTxFiFo
                0x0800c744       0x8e ./Drivers/STM32F4xx_HAL_Driver/Src/stm32f4xx_hal_pcd_ex.o
                0x0800c744                HAL_PCDEx_SetTxFiFo
 .text.HAL_PCDEx_SetRxFiFo
                0x0800c7d2       0x22 ./Drivers/STM32F4xx_HAL_Driver/Src/stm32f4xx_hal_pcd_ex.o
                0x0800c7d2                HAL_PCDEx_SetRxFiFo
 .text.HAL_PCDEx_LPM_Callback
                0x0800c7f4       0x18 ./Drivers/STM32F4xx_HAL_Driver/Src/stm32f4xx_hal_pcd_ex.o
                0x0800c7f4                HAL_PCDEx_LPM_Callback
 .text.HAL_RCC_OscConfig
                0x0800c80c      0x4f0 ./Drivers/STM32F4xx_HAL_Driver/Src/stm32f4xx_hal_rcc.o
                0x0800c80c                HAL_RCC_OscConfig
 .text.HAL_RCC_ClockConfig
                0x0800ccfc      0x1cc ./Drivers/STM32F4xx_HAL_Driver/Src/stm32f4xx_hal_rcc.o
                0x0800ccfc                HAL_RCC_ClockConfig
 .text.HAL_RCC_GetSysClockFreq
                0x0800cec8      0x18c ./Drivers/STM32F4xx_HAL_Driver/Src/stm32f4xx_hal_rcc.o
                0x0800cec8                HAL_RCC_GetSysClockFreq
 .text.HAL_RCC_GetHCLKFreq
                0x0800d054       0x18 ./Drivers/STM32F4xx_HAL_Driver/Src/stm32f4xx_hal_rcc.o
                0x0800d054                HAL_RCC_GetHCLKFreq
 .text.HAL_SPI_Init
                0x0800d06c      0x112 ./Drivers/STM32F4xx_HAL_Driver/Src/stm32f4xx_hal_spi.o
                0x0800d06c                HAL_SPI_Init
 .text.HAL_SPI_Transmit
                0x0800d17e      0x288 ./Drivers/STM32F4xx_HAL_Driver/Src/stm32f4xx_hal_spi.o
                0x0800d17e                HAL_SPI_Transmit
 .text.HAL_SPI_Receive
                0x0800d406      0x232 ./Drivers/STM32F4xx_HAL_Driver/Src/stm32f4xx_hal_spi.o
                0x0800d406                HAL_SPI_Receive
 .text.HAL_SPI_TransmitReceive
                0x0800d638      0x352 ./Drivers/STM32F4xx_HAL_Driver/Src/stm32f4xx_hal_spi.o
                0x0800d638                HAL_SPI_TransmitReceive
 *fill*         0x0800d98a        0x2 
 .text.SPI_WaitFlagStateUntilTimeout
                0x0800d98c      0x110 ./Drivers/STM32F4xx_HAL_Driver/Src/stm32f4xx_hal_spi.o
 .text.SPI_EndRxTransaction
                0x0800da9c       0xca ./Drivers/STM32F4xx_HAL_Driver/Src/stm32f4xx_hal_spi.o
 *fill*         0x0800db66        0x2 
 .text.SPI_EndRxTxTransaction
                0x0800db68       0xa8 ./Drivers/STM32F4xx_HAL_Driver/Src/stm32f4xx_hal_spi.o
 .text.HAL_TIM_Base_Init
                0x0800dc10       0x9e ./Drivers/STM32F4xx_HAL_Driver/Src/stm32f4xx_hal_tim.o
                0x0800dc10                HAL_TIM_Base_Init
 *fill*         0x0800dcae        0x2 
 .text.HAL_TIM_Base_Start
                0x0800dcb0       0xd0 ./Drivers/STM32F4xx_HAL_Driver/Src/stm32f4xx_hal_tim.o
                0x0800dcb0                HAL_TIM_Base_Start
 .text.HAL_TIM_Base_Stop
                0x0800dd80       0x4e ./Drivers/STM32F4xx_HAL_Driver/Src/stm32f4xx_hal_tim.o
                0x0800dd80                HAL_TIM_Base_Stop
 .text.HAL_TIM_ConfigClockSource
                0x0800ddce      0x18e ./Drivers/STM32F4xx_HAL_Driver/Src/stm32f4xx_hal_tim.o
                0x0800ddce                HAL_TIM_ConfigClockSource
 .text.TIM_Base_SetConfig
                0x0800df5c      0x158 ./Drivers/STM32F4xx_HAL_Driver/Src/stm32f4xx_hal_tim.o
                0x0800df5c                TIM_Base_SetConfig
 .text.TIM_TI1_ConfigInputStage
                0x0800e0b4       0x5e ./Drivers/STM32F4xx_HAL_Driver/Src/stm32f4xx_hal_tim.o
 .text.TIM_TI2_ConfigInputStage
                0x0800e112       0x60 ./Drivers/STM32F4xx_HAL_Driver/Src/stm32f4xx_hal_tim.o
 .text.TIM_ITRx_SetConfig
                0x0800e172       0x36 ./Drivers/STM32F4xx_HAL_Driver/Src/stm32f4xx_hal_tim.o
 .text.TIM_ETR_SetConfig
                0x0800e1a8       0x40 ./Drivers/STM32F4xx_HAL_Driver/Src/stm32f4xx_hal_tim.o
                0x0800e1a8                TIM_ETR_SetConfig
 .text.HAL_TIMEx_MasterConfigSynchronization
                0x0800e1e8       0xf8 ./Drivers/STM32F4xx_HAL_Driver/Src/stm32f4xx_hal_tim_ex.o
                0x0800e1e8                HAL_TIMEx_MasterConfigSynchronization
 .text.USB_CoreInit
                0x0800e2e0       0xc8 ./Drivers/STM32F4xx_HAL_Driver/Src/stm32f4xx_ll_usb.o
                0x0800e2e0                USB_CoreInit
 .text.USB_SetTurnaroundTime
                0x0800e3a8      0x144 ./Drivers/STM32F4xx_HAL_Driver/Src/stm32f4xx_ll_usb.o
                0x0800e3a8                USB_SetTurnaroundTime
 .text.USB_EnableGlobalInt
                0x0800e4ec       0x22 ./Drivers/STM32F4xx_HAL_Driver/Src/stm32f4xx_ll_usb.o
                0x0800e4ec                USB_EnableGlobalInt
 .text.USB_DisableGlobalInt
                0x0800e50e       0x22 ./Drivers/STM32F4xx_HAL_Driver/Src/stm32f4xx_ll_usb.o
                0x0800e50e                USB_DisableGlobalInt
 .text.USB_SetCurrentMode
                0x0800e530       0x98 ./Drivers/STM32F4xx_HAL_Driver/Src/stm32f4xx_ll_usb.o
                0x0800e530                USB_SetCurrentMode
 .text.USB_DevInit
                0x0800e5c8      0x2c8 ./Drivers/STM32F4xx_HAL_Driver/Src/stm32f4xx_ll_usb.o
                0x0800e5c8                USB_DevInit
 .text.USB_FlushTxFifo
                0x0800e890       0x64 ./Drivers/STM32F4xx_HAL_Driver/Src/stm32f4xx_ll_usb.o
                0x0800e890                USB_FlushTxFifo
 .text.USB_FlushRxFifo
                0x0800e8f4       0x5c ./Drivers/STM32F4xx_HAL_Driver/Src/stm32f4xx_ll_usb.o
                0x0800e8f4                USB_FlushRxFifo
 .text.USB_SetDevSpeed
                0x0800e950       0x32 ./Drivers/STM32F4xx_HAL_Driver/Src/stm32f4xx_ll_usb.o
                0x0800e950                USB_SetDevSpeed
 .text.USB_GetDevSpeed
                0x0800e982       0x4a ./Drivers/STM32F4xx_HAL_Driver/Src/stm32f4xx_ll_usb.o
                0x0800e982                USB_GetDevSpeed
 .text.USB_ActivateEndpoint
                0x0800e9cc      0x10e ./Drivers/STM32F4xx_HAL_Driver/Src/stm32f4xx_ll_usb.o
                0x0800e9cc                USB_ActivateEndpoint
 *fill*         0x0800eada        0x2 
 .text.USB_DeactivateEndpoint
                0x0800eadc      0x1b8 ./Drivers/STM32F4xx_HAL_Driver/Src/stm32f4xx_ll_usb.o
                0x0800eadc                USB_DeactivateEndpoint
 .text.USB_EPStartXfer
                0x0800ec94      0x53c ./Drivers/STM32F4xx_HAL_Driver/Src/stm32f4xx_ll_usb.o
                0x0800ec94                USB_EPStartXfer
 .text.USB_EPStopXfer
                0x0800f1d0      0x154 ./Drivers/STM32F4xx_HAL_Driver/Src/stm32f4xx_ll_usb.o
                0x0800f1d0                USB_EPStopXfer
 .text.USB_WritePacket
                0x0800f324       0x7c ./Drivers/STM32F4xx_HAL_Driver/Src/stm32f4xx_ll_usb.o
                0x0800f324                USB_WritePacket
 .text.USB_ReadPacket
                0x0800f3a0       0xb0 ./Drivers/STM32F4xx_HAL_Driver/Src/stm32f4xx_ll_usb.o
                0x0800f3a0                USB_ReadPacket
 .text.USB_EPSetStall
                0x0800f450       0xdc ./Drivers/STM32F4xx_HAL_Driver/Src/stm32f4xx_ll_usb.o
                0x0800f450                USB_EPSetStall
 .text.USB_EPClearStall
                0x0800f52c       0xcc ./Drivers/STM32F4xx_HAL_Driver/Src/stm32f4xx_ll_usb.o
                0x0800f52c                USB_EPClearStall
 .text.USB_SetDevAddress
                0x0800f5f8       0x4c ./Drivers/STM32F4xx_HAL_Driver/Src/stm32f4xx_ll_usb.o
                0x0800f5f8                USB_SetDevAddress
 .text.USB_DevConnect
                0x0800f644       0x42 ./Drivers/STM32F4xx_HAL_Driver/Src/stm32f4xx_ll_usb.o
                0x0800f644                USB_DevConnect
 .text.USB_DevDisconnect
                0x0800f686       0x42 ./Drivers/STM32F4xx_HAL_Driver/Src/stm32f4xx_ll_usb.o
                0x0800f686                USB_DevDisconnect
 .text.USB_ReadInterrupts
                0x0800f6c8       0x26 ./Drivers/STM32F4xx_HAL_Driver/Src/stm32f4xx_ll_usb.o
                0x0800f6c8                USB_ReadInterrupts
 .text.USB_ReadDevAllOutEpInterrupt
                0x0800f6ee       0x34 ./Drivers/STM32F4xx_HAL_Driver/Src/stm32f4xx_ll_usb.o
                0x0800f6ee                USB_ReadDevAllOutEpInterrupt
 .text.USB_ReadDevAllInEpInterrupt
                0x0800f722       0x34 ./Drivers/STM32F4xx_HAL_Driver/Src/stm32f4xx_ll_usb.o
                0x0800f722                USB_ReadDevAllInEpInterrupt
 .text.USB_ReadDevOutEPInterrupt
                0x0800f756       0x3c ./Drivers/STM32F4xx_HAL_Driver/Src/stm32f4xx_ll_usb.o
                0x0800f756                USB_ReadDevOutEPInterrupt
 .text.USB_ReadDevInEPInterrupt
                0x0800f792       0x5c ./Drivers/STM32F4xx_HAL_Driver/Src/stm32f4xx_ll_usb.o
                0x0800f792                USB_ReadDevInEPInterrupt
 .text.USB_GetMode
                0x0800f7ee       0x1c ./Drivers/STM32F4xx_HAL_Driver/Src/stm32f4xx_ll_usb.o
                0x0800f7ee                USB_GetMode
 .text.USB_ActivateSetup
                0x0800f80a       0x46 ./Drivers/STM32F4xx_HAL_Driver/Src/stm32f4xx_ll_usb.o
                0x0800f80a                USB_ActivateSetup
 .text.USB_EP0_OutStart
                0x0800f850       0xbc ./Drivers/STM32F4xx_HAL_Driver/Src/stm32f4xx_ll_usb.o
                0x0800f850                USB_EP0_OutStart
 .text.USB_CoreReset
                0x0800f90c       0x62 ./Drivers/STM32F4xx_HAL_Driver/Src/stm32f4xx_ll_usb.o
 *fill*         0x0800f96e        0x2 
 .text.USBD_CDC_Init
                0x0800f970      0x1f0 ./Middlewares/ST/STM32_USB_Device_Library/Class/CDC/Src/usbd_cdc.o
 .text.USBD_CDC_DeInit
                0x0800fb60      0x104 ./Middlewares/ST/STM32_USB_Device_Library/Class/CDC/Src/usbd_cdc.o
 .text.USBD_CDC_Setup
                0x0800fc64      0x1b8 ./Middlewares/ST/STM32_USB_Device_Library/Class/CDC/Src/usbd_cdc.o
 .text.USBD_CDC_DataIn
                0x0800fe1c       0xfe ./Middlewares/ST/STM32_USB_Device_Library/Class/CDC/Src/usbd_cdc.o
 .text.USBD_CDC_DataOut
                0x0800ff1a       0x70 ./Middlewares/ST/STM32_USB_Device_Library/Class/CDC/Src/usbd_cdc.o
 .text.USBD_CDC_EP0_RxReady
                0x0800ff8a       0x74 ./Middlewares/ST/STM32_USB_Device_Library/Class/CDC/Src/usbd_cdc.o
 *fill*         0x0800fffe        0x2 
 .text.USBD_CDC_GetFSCfgDesc
                0x08010000       0x70 ./Middlewares/ST/STM32_USB_Device_Library/Class/CDC/Src/usbd_cdc.o
 .text.USBD_CDC_GetHSCfgDesc
                0x08010070       0x70 ./Middlewares/ST/STM32_USB_Device_Library/Class/CDC/Src/usbd_cdc.o
 .text.USBD_CDC_GetOtherSpeedCfgDesc
                0x080100e0       0x70 ./Middlewares/ST/STM32_USB_Device_Library/Class/CDC/Src/usbd_cdc.o
 .text.USBD_CDC_GetDeviceQualifierDescriptor
                0x08010150       0x20 ./Middlewares/ST/STM32_USB_Device_Library/Class/CDC/Src/usbd_cdc.o
                0x08010150                USBD_CDC_GetDeviceQualifierDescriptor
 .text.USBD_CDC_RegisterInterface
                0x08010170       0x34 ./Middlewares/ST/STM32_USB_Device_Library/Class/CDC/Src/usbd_cdc.o
                0x08010170                USBD_CDC_RegisterInterface
 .text.USBD_CDC_SetTxBuffer
                0x080101a4       0x44 ./Middlewares/ST/STM32_USB_Device_Library/Class/CDC/Src/usbd_cdc.o
                0x080101a4                USBD_CDC_SetTxBuffer
 .text.USBD_CDC_SetRxBuffer
                0x080101e8       0x3a ./Middlewares/ST/STM32_USB_Device_Library/Class/CDC/Src/usbd_cdc.o
                0x080101e8                USBD_CDC_SetRxBuffer
 *fill*         0x08010222        0x2 
 .text.USBD_CDC_ReceivePacket
                0x08010224       0x6c ./Middlewares/ST/STM32_USB_Device_Library/Class/CDC/Src/usbd_cdc.o
                0x08010224                USBD_CDC_ReceivePacket
 .text.USBD_Init
                0x08010290       0x60 ./Middlewares/ST/STM32_USB_Device_Library/Core/Src/usbd_core.o
                0x08010290                USBD_Init
 .text.USBD_RegisterClass
                0x080102f0       0x6c ./Middlewares/ST/STM32_USB_Device_Library/Core/Src/usbd_core.o
                0x080102f0                USBD_RegisterClass
 .text.USBD_Start
                0x0801035c       0x18 ./Middlewares/ST/STM32_USB_Device_Library/Core/Src/usbd_core.o
                0x0801035c                USBD_Start
 .text.USBD_RunTestMode
                0x08010374       0x16 ./Middlewares/ST/STM32_USB_Device_Library/Core/Src/usbd_core.o
                0x08010374                USBD_RunTestMode
 .text.USBD_SetClassConfig
                0x0801038a       0x38 ./Middlewares/ST/STM32_USB_Device_Library/Core/Src/usbd_core.o
                0x0801038a                USBD_SetClassConfig
 .text.USBD_ClrClassConfig
                0x080103c2       0x34 ./Middlewares/ST/STM32_USB_Device_Library/Core/Src/usbd_core.o
                0x080103c2                USBD_ClrClassConfig
 .text.USBD_LL_SetupStage
                0x080103f6       0xaa ./Middlewares/ST/STM32_USB_Device_Library/Core/Src/usbd_core.o
                0x080103f6                USBD_LL_SetupStage
 .text.USBD_LL_DataOutStage
                0x080104a0      0x166 ./Middlewares/ST/STM32_USB_Device_Library/Core/Src/usbd_core.o
                0x080104a0                USBD_LL_DataOutStage
 .text.USBD_LL_DataInStage
                0x08010606      0x164 ./Middlewares/ST/STM32_USB_Device_Library/Core/Src/usbd_core.o
                0x08010606                USBD_LL_DataInStage
 .text.USBD_LL_Reset
                0x0801076a       0xa4 ./Middlewares/ST/STM32_USB_Device_Library/Core/Src/usbd_core.o
                0x0801076a                USBD_LL_Reset
 .text.USBD_LL_SetSpeed
                0x0801080e       0x20 ./Middlewares/ST/STM32_USB_Device_Library/Core/Src/usbd_core.o
                0x0801080e                USBD_LL_SetSpeed
 .text.USBD_LL_Suspend
                0x0801082e       0x38 ./Middlewares/ST/STM32_USB_Device_Library/Core/Src/usbd_core.o
                0x0801082e                USBD_LL_Suspend
 .text.USBD_LL_Resume
                0x08010866       0x30 ./Middlewares/ST/STM32_USB_Device_Library/Core/Src/usbd_core.o
                0x08010866                USBD_LL_Resume
 .text.USBD_LL_SOF
                0x08010896       0x40 ./Middlewares/ST/STM32_USB_Device_Library/Core/Src/usbd_core.o
                0x08010896                USBD_LL_SOF
 .text.USBD_LL_IsoINIncomplete
                0x080108d6       0x64 ./Middlewares/ST/STM32_USB_Device_Library/Core/Src/usbd_core.o
                0x080108d6                USBD_LL_IsoINIncomplete
 .text.USBD_LL_IsoOUTIncomplete
                0x0801093a       0x64 ./Middlewares/ST/STM32_USB_Device_Library/Core/Src/usbd_core.o
                0x0801093a                USBD_LL_IsoOUTIncomplete
 .text.USBD_LL_DevConnected
                0x0801099e       0x16 ./Middlewares/ST/STM32_USB_Device_Library/Core/Src/usbd_core.o
                0x0801099e                USBD_LL_DevConnected
 .text.USBD_LL_DevDisconnected
                0x080109b4       0x46 ./Middlewares/ST/STM32_USB_Device_Library/Core/Src/usbd_core.o
                0x080109b4                USBD_LL_DevDisconnected
 .text.USBD_CoreFindIF
                0x080109fa       0x1a ./Middlewares/ST/STM32_USB_Device_Library/Core/Src/usbd_core.o
                0x080109fa                USBD_CoreFindIF
 .text.USBD_CoreFindEP
                0x08010a14       0x1a ./Middlewares/ST/STM32_USB_Device_Library/Core/Src/usbd_core.o
                0x08010a14                USBD_CoreFindEP
 .text.USBD_GetEpDesc
                0x08010a2e       0x70 ./Middlewares/ST/STM32_USB_Device_Library/Core/Src/usbd_core.o
                0x08010a2e                USBD_GetEpDesc
 .text.USBD_GetNextDesc
                0x08010a9e       0x38 ./Middlewares/ST/STM32_USB_Device_Library/Core/Src/usbd_core.o
                0x08010a9e                USBD_GetNextDesc
 .text.SWAPBYTE
                0x08010ad6       0x3c ./Middlewares/ST/STM32_USB_Device_Library/Core/Src/usbd_ctlreq.o
 *fill*         0x08010b12        0x2 
 .text.USBD_StdDevReq
                0x08010b14       0xe4 ./Middlewares/ST/STM32_USB_Device_Library/Core/Src/usbd_ctlreq.o
                0x08010b14                USBD_StdDevReq
 .text.USBD_StdItfReq
                0x08010bf8       0xd8 ./Middlewares/ST/STM32_USB_Device_Library/Core/Src/usbd_ctlreq.o
                0x08010bf8                USBD_StdItfReq
 .text.USBD_StdEPReq
                0x08010cd0      0x33a ./Middlewares/ST/STM32_USB_Device_Library/Core/Src/usbd_ctlreq.o
                0x08010cd0                USBD_StdEPReq
 *fill*         0x0801100a        0x2 
 .text.USBD_GetDescriptor
                0x0801100c      0x2d4 ./Middlewares/ST/STM32_USB_Device_Library/Core/Src/usbd_ctlreq.o
 .text.USBD_SetAddress
                0x080112e0       0x88 ./Middlewares/ST/STM32_USB_Device_Library/Core/Src/usbd_ctlreq.o
 .text.USBD_SetConfig
                0x08011368      0x154 ./Middlewares/ST/STM32_USB_Device_Library/Core/Src/usbd_ctlreq.o
 .text.USBD_GetConfig
                0x080114bc       0x6c ./Middlewares/ST/STM32_USB_Device_Library/Core/Src/usbd_ctlreq.o
 .text.USBD_GetStatus
                0x08011528       0x68 ./Middlewares/ST/STM32_USB_Device_Library/Core/Src/usbd_ctlreq.o
 .text.USBD_SetFeature
                0x08011590       0x52 ./Middlewares/ST/STM32_USB_Device_Library/Core/Src/usbd_ctlreq.o
 .text.USBD_ClrFeature
                0x080115e2       0x44 ./Middlewares/ST/STM32_USB_Device_Library/Core/Src/usbd_ctlreq.o
 .text.USBD_ParseSetupRequest
                0x08011626       0x74 ./Middlewares/ST/STM32_USB_Device_Library/Core/Src/usbd_ctlreq.o
                0x08011626                USBD_ParseSetupRequest
 .text.USBD_CtlError
                0x0801169a       0x22 ./Middlewares/ST/STM32_USB_Device_Library/Core/Src/usbd_ctlreq.o
                0x0801169a                USBD_CtlError
 .text.USBD_GetString
                0x080116bc       0xa4 ./Middlewares/ST/STM32_USB_Device_Library/Core/Src/usbd_ctlreq.o
                0x080116bc                USBD_GetString
 .text.USBD_GetLen
                0x08011760       0x34 ./Middlewares/ST/STM32_USB_Device_Library/Core/Src/usbd_ctlreq.o
 .text.USBD_CtlSendData
                0x08011794       0x36 ./Middlewares/ST/STM32_USB_Device_Library/Core/Src/usbd_ioreq.o
                0x08011794                USBD_CtlSendData
 .text.USBD_CtlContinueSendData
                0x080117ca       0x22 ./Middlewares/ST/STM32_USB_Device_Library/Core/Src/usbd_ioreq.o
                0x080117ca                USBD_CtlContinueSendData
 .text.USBD_CtlPrepareRx
                0x080117ec       0x3a ./Middlewares/ST/STM32_USB_Device_Library/Core/Src/usbd_ioreq.o
                0x080117ec                USBD_CtlPrepareRx
 .text.USBD_CtlContinueRx
                0x08011826       0x22 ./Middlewares/ST/STM32_USB_Device_Library/Core/Src/usbd_ioreq.o
                0x08011826                USBD_CtlContinueRx
 .text.USBD_CtlSendStatus
                0x08011848       0x26 ./Middlewares/ST/STM32_USB_Device_Library/Core/Src/usbd_ioreq.o
                0x08011848                USBD_CtlSendStatus
 .text.USBD_CtlReceiveStatus
                0x0801186e       0x26 ./Middlewares/ST/STM32_USB_Device_Library/Core/Src/usbd_ioreq.o
                0x0801186e                USBD_CtlReceiveStatus
 .text.MX_USB_DEVICE_Init
                0x08011894       0x60 ./USB_DEVICE/App/usb_device.o
                0x08011894                MX_USB_DEVICE_Init
 .text.CDC_Init_FS
                0x080118f4       0x28 ./USB_DEVICE/App/usbd_cdc_if.o
 .text.CDC_DeInit_FS
                0x0801191c       0x10 ./USB_DEVICE/App/usbd_cdc_if.o
 .text.CDC_Control_FS
                0x0801192c       0xbc ./USB_DEVICE/App/usbd_cdc_if.o
 .text.CDC_Receive_FS
                0x080119e8       0x28 ./USB_DEVICE/App/usbd_cdc_if.o
 .text.CDC_TransmitCplt_FS
                0x08011a10       0x22 ./USB_DEVICE/App/usbd_cdc_if.o
 *fill*         0x08011a32        0x2 
 .text.USBD_FS_DeviceDescriptor
                0x08011a34       0x24 ./USB_DEVICE/App/usbd_desc.o
                0x08011a34                USBD_FS_DeviceDescriptor
 .text.USBD_FS_LangIDStrDescriptor
                0x08011a58       0x24 ./USB_DEVICE/App/usbd_desc.o
                0x08011a58                USBD_FS_LangIDStrDescriptor
 .text.USBD_FS_ProductStrDescriptor
                0x08011a7c       0x3c ./USB_DEVICE/App/usbd_desc.o
                0x08011a7c                USBD_FS_ProductStrDescriptor
 .text.USBD_FS_ManufacturerStrDescriptor
                0x08011ab8       0x28 ./USB_DEVICE/App/usbd_desc.o
                0x08011ab8                USBD_FS_ManufacturerStrDescriptor
 .text.USBD_FS_SerialStrDescriptor
                0x08011ae0       0x24 ./USB_DEVICE/App/usbd_desc.o
                0x08011ae0                USBD_FS_SerialStrDescriptor
 .text.USBD_FS_ConfigStrDescriptor
                0x08011b04       0x3c ./USB_DEVICE/App/usbd_desc.o
                0x08011b04                USBD_FS_ConfigStrDescriptor
 .text.USBD_FS_InterfaceStrDescriptor
                0x08011b40       0x3c ./USB_DEVICE/App/usbd_desc.o
                0x08011b40                USBD_FS_InterfaceStrDescriptor
 .text.Get_SerialNum
                0x08011b7c       0x58 ./USB_DEVICE/App/usbd_desc.o
 .text.IntToUnicode
                0x08011bd4       0x7e ./USB_DEVICE/App/usbd_desc.o
 *fill*         0x08011c52        0x2 
 .text.HAL_PCD_MspInit
                0x08011c54       0xa8 ./USB_DEVICE/Target/usbd_conf.o
                0x08011c54                HAL_PCD_MspInit
 .text.HAL_PCD_SetupStageCallback
                0x08011cfc       0x24 ./USB_DEVICE/Target/usbd_conf.o
                0x08011cfc                HAL_PCD_SetupStageCallback
 .text.HAL_PCD_DataOutStageCallback
                0x08011d20       0x36 ./USB_DEVICE/Target/usbd_conf.o
                0x08011d20                HAL_PCD_DataOutStageCallback
 .text.HAL_PCD_DataInStageCallback
                0x08011d56       0x34 ./USB_DEVICE/Target/usbd_conf.o
                0x08011d56                HAL_PCD_DataInStageCallback
 .text.HAL_PCD_SOFCallback
                0x08011d8a       0x1c ./USB_DEVICE/Target/usbd_conf.o
                0x08011d8a                HAL_PCD_SOFCallback
 .text.HAL_PCD_ResetCallback
                0x08011da6       0x50 ./USB_DEVICE/Target/usbd_conf.o
                0x08011da6                HAL_PCD_ResetCallback
 *fill*         0x08011df6        0x2 
 .text.HAL_PCD_SuspendCallback
                0x08011df8       0x4c ./USB_DEVICE/Target/usbd_conf.o
                0x08011df8                HAL_PCD_SuspendCallback
 .text.HAL_PCD_ResumeCallback
                0x08011e44       0x1c ./USB_DEVICE/Target/usbd_conf.o
                0x08011e44                HAL_PCD_ResumeCallback
 .text.HAL_PCD_ISOOUTIncompleteCallback
                0x08011e60       0x24 ./USB_DEVICE/Target/usbd_conf.o
                0x08011e60                HAL_PCD_ISOOUTIncompleteCallback
 .text.HAL_PCD_ISOINIncompleteCallback
                0x08011e84       0x24 ./USB_DEVICE/Target/usbd_conf.o
                0x08011e84                HAL_PCD_ISOINIncompleteCallback
 .text.HAL_PCD_ConnectCallback
                0x08011ea8       0x1c ./USB_DEVICE/Target/usbd_conf.o
                0x08011ea8                HAL_PCD_ConnectCallback
 .text.HAL_PCD_DisconnectCallback
                0x08011ec4       0x1c ./USB_DEVICE/Target/usbd_conf.o
                0x08011ec4                HAL_PCD_DisconnectCallback
 .text.USBD_LL_Init
                0x08011ee0       0x98 ./USB_DEVICE/Target/usbd_conf.o
                0x08011ee0                USBD_LL_Init
 .text.USBD_LL_Start
                0x08011f78       0x36 ./USB_DEVICE/Target/usbd_conf.o
                0x08011f78                USBD_LL_Start
 .text.USBD_LL_OpenEP
                0x08011fae       0x4c ./USB_DEVICE/Target/usbd_conf.o
                0x08011fae                USBD_LL_OpenEP
 .text.USBD_LL_CloseEP
                0x08011ffa       0x3e ./USB_DEVICE/Target/usbd_conf.o
                0x08011ffa                USBD_LL_CloseEP
 .text.USBD_LL_StallEP
                0x08012038       0x3e ./USB_DEVICE/Target/usbd_conf.o
                0x08012038                USBD_LL_StallEP
 .text.USBD_LL_ClearStallEP
                0x08012076       0x3e ./USB_DEVICE/Target/usbd_conf.o
                0x08012076                USBD_LL_ClearStallEP
 .text.USBD_LL_IsStallEP
                0x080120b4       0x58 ./USB_DEVICE/Target/usbd_conf.o
                0x080120b4                USBD_LL_IsStallEP
 .text.USBD_LL_SetUSBAddress
                0x0801210c       0x3e ./USB_DEVICE/Target/usbd_conf.o
                0x0801210c                USBD_LL_SetUSBAddress
 .text.USBD_LL_Transmit
                0x0801214a       0x42 ./USB_DEVICE/Target/usbd_conf.o
                0x0801214a                USBD_LL_Transmit
 .text.USBD_LL_PrepareReceive
                0x0801218c       0x42 ./USB_DEVICE/Target/usbd_conf.o
                0x0801218c                USBD_LL_PrepareReceive
 .text.USBD_LL_GetRxDataSize
                0x080121ce       0x26 ./USB_DEVICE/Target/usbd_conf.o
                0x080121ce                USBD_LL_GetRxDataSize
 .text.USBD_static_malloc
                0x080121f4       0x1c ./USB_DEVICE/Target/usbd_conf.o
                0x080121f4                USBD_static_malloc
 .text.USBD_static_free
                0x08012210       0x14 ./USB_DEVICE/Target/usbd_conf.o
                0x08012210                USBD_static_free
 .text.USBD_Get_USB_Status
                0x08012224       0x58 ./USB_DEVICE/Target/usbd_conf.o
                0x08012224                USBD_Get_USB_Status
 .text.calloc   0x0801227c       0x10 C:/ST/STM32CubeIDE_1.17.0/STM32CubeIDE/plugins/com.st.stm32cube.ide.mcu.externaltools.gnu-tools-for-stm32.12.3.rel1.win32_1.1.0.202410251130/tools/bin/../lib/gcc/arm-none-eabi/12.3.1/../../../../arm-none-eabi/lib/thumb/v7e-m+fp/hard\libc_nano.a(libc_a-calloc.o)
                0x0801227c                calloc
 .text._calloc_r
                0x0801228c       0x28 C:/ST/STM32CubeIDE_1.17.0/STM32CubeIDE/plugins/com.st.stm32cube.ide.mcu.externaltools.gnu-tools-for-stm32.12.3.rel1.win32_1.1.0.202410251130/tools/bin/../lib/gcc/arm-none-eabi/12.3.1/../../../../arm-none-eabi/lib/thumb/v7e-m+fp/hard\libc_nano.a(libc_a-callocr.o)
                0x0801228c                _calloc_r
 .text.exit     0x080122b4       0x24 C:/ST/STM32CubeIDE_1.17.0/STM32CubeIDE/plugins/com.st.stm32cube.ide.mcu.externaltools.gnu-tools-for-stm32.12.3.rel1.win32_1.1.0.202410251130/tools/bin/../lib/gcc/arm-none-eabi/12.3.1/../../../../arm-none-eabi/lib/thumb/v7e-m+fp/hard\libc_nano.a(libc_a-exit.o)
                0x080122b4                exit
 .text.free     0x080122d8       0x10 C:/ST/STM32CubeIDE_1.17.0/STM32CubeIDE/plugins/com.st.stm32cube.ide.mcu.externaltools.gnu-tools-for-stm32.12.3.rel1.win32_1.1.0.202410251130/tools/bin/../lib/gcc/arm-none-eabi/12.3.1/../../../../arm-none-eabi/lib/thumb/v7e-m+fp/hard\libc_nano.a(libc_a-malloc.o)
                0x080122d8                free
 .text.sbrk_aligned
                0x080122e8       0x44 C:/ST/STM32CubeIDE_1.17.0/STM32CubeIDE/plugins/com.st.stm32cube.ide.mcu.externaltools.gnu-tools-for-stm32.12.3.rel1.win32_1.1.0.202410251130/tools/bin/../lib/gcc/arm-none-eabi/12.3.1/../../../../arm-none-eabi/lib/thumb/v7e-m+fp/hard\libc_nano.a(libc_a-mallocr.o)
 .text._malloc_r
                0x0801232c      0x100 C:/ST/STM32CubeIDE_1.17.0/STM32CubeIDE/plugins/com.st.stm32cube.ide.mcu.externaltools.gnu-tools-for-stm32.12.3.rel1.win32_1.1.0.202410251130/tools/bin/../lib/gcc/arm-none-eabi/12.3.1/../../../../arm-none-eabi/lib/thumb/v7e-m+fp/hard\libc_nano.a(libc_a-mallocr.o)
                0x0801232c                _malloc_r
 .text.__malloc_lock
                0x0801242c        0xc C:/ST/STM32CubeIDE_1.17.0/STM32CubeIDE/plugins/com.st.stm32cube.ide.mcu.externaltools.gnu-tools-for-stm32.12.3.rel1.win32_1.1.0.202410251130/tools/bin/../lib/gcc/arm-none-eabi/12.3.1/../../../../arm-none-eabi/lib/thumb/v7e-m+fp/hard\libc_nano.a(libc_a-mlock.o)
                0x0801242c                __malloc_lock
 .text.__malloc_unlock
                0x08012438        0xc C:/ST/STM32CubeIDE_1.17.0/STM32CubeIDE/plugins/com.st.stm32cube.ide.mcu.externaltools.gnu-tools-for-stm32.12.3.rel1.win32_1.1.0.202410251130/tools/bin/../lib/gcc/arm-none-eabi/12.3.1/../../../../arm-none-eabi/lib/thumb/v7e-m+fp/hard\libc_nano.a(libc_a-mlock.o)
                0x08012438                __malloc_unlock
 .text.std      0x08012444       0x6c C:/ST/STM32CubeIDE_1.17.0/STM32CubeIDE/plugins/com.st.stm32cube.ide.mcu.externaltools.gnu-tools-for-stm32.12.3.rel1.win32_1.1.0.202410251130/tools/bin/../lib/gcc/arm-none-eabi/12.3.1/../../../../arm-none-eabi/lib/thumb/v7e-m+fp/hard\libc_nano.a(libc_a-findfp.o)
 .text.stdio_exit_handler
                0x080124b0       0x18 C:/ST/STM32CubeIDE_1.17.0/STM32CubeIDE/plugins/com.st.stm32cube.ide.mcu.externaltools.gnu-tools-for-stm32.12.3.rel1.win32_1.1.0.202410251130/tools/bin/../lib/gcc/arm-none-eabi/12.3.1/../../../../arm-none-eabi/lib/thumb/v7e-m+fp/hard\libc_nano.a(libc_a-findfp.o)
 .text.cleanup_stdio
                0x080124c8       0x40 C:/ST/STM32CubeIDE_1.17.0/STM32CubeIDE/plugins/com.st.stm32cube.ide.mcu.externaltools.gnu-tools-for-stm32.12.3.rel1.win32_1.1.0.202410251130/tools/bin/../lib/gcc/arm-none-eabi/12.3.1/../../../../arm-none-eabi/lib/thumb/v7e-m+fp/hard\libc_nano.a(libc_a-findfp.o)
 .text.global_stdio_init.part.0
                0x08012508       0x3c C:/ST/STM32CubeIDE_1.17.0/STM32CubeIDE/plugins/com.st.stm32cube.ide.mcu.externaltools.gnu-tools-for-stm32.12.3.rel1.win32_1.1.0.202410251130/tools/bin/../lib/gcc/arm-none-eabi/12.3.1/../../../../arm-none-eabi/lib/thumb/v7e-m+fp/hard\libc_nano.a(libc_a-findfp.o)
 .text.__sfp_lock_acquire
                0x08012544        0xc C:/ST/STM32CubeIDE_1.17.0/STM32CubeIDE/plugins/com.st.stm32cube.ide.mcu.externaltools.gnu-tools-for-stm32.12.3.rel1.win32_1.1.0.202410251130/tools/bin/../lib/gcc/arm-none-eabi/12.3.1/../../../../arm-none-eabi/lib/thumb/v7e-m+fp/hard\libc_nano.a(libc_a-findfp.o)
                0x08012544                __sfp_lock_acquire
 .text.__sfp_lock_release
                0x08012550        0xc C:/ST/STM32CubeIDE_1.17.0/STM32CubeIDE/plugins/com.st.stm32cube.ide.mcu.externaltools.gnu-tools-for-stm32.12.3.rel1.win32_1.1.0.202410251130/tools/bin/../lib/gcc/arm-none-eabi/12.3.1/../../../../arm-none-eabi/lib/thumb/v7e-m+fp/hard\libc_nano.a(libc_a-findfp.o)
                0x08012550                __sfp_lock_release
 .text.__sinit  0x0801255c       0x30 C:/ST/STM32CubeIDE_1.17.0/STM32CubeIDE/plugins/com.st.stm32cube.ide.mcu.externaltools.gnu-tools-for-stm32.12.3.rel1.win32_1.1.0.202410251130/tools/bin/../lib/gcc/arm-none-eabi/12.3.1/../../../../arm-none-eabi/lib/thumb/v7e-m+fp/hard\libc_nano.a(libc_a-findfp.o)
                0x0801255c                __sinit
 .text._fwalk_sglue
                0x0801258c       0x3c C:/ST/STM32CubeIDE_1.17.0/STM32CubeIDE/plugins/com.st.stm32cube.ide.mcu.externaltools.gnu-tools-for-stm32.12.3.rel1.win32_1.1.0.202410251130/tools/bin/../lib/gcc/arm-none-eabi/12.3.1/../../../../arm-none-eabi/lib/thumb/v7e-m+fp/hard\libc_nano.a(libc_a-fwalk.o)
                0x0801258c                _fwalk_sglue
 .text.printf   0x080125c8       0x24 C:/ST/STM32CubeIDE_1.17.0/STM32CubeIDE/plugins/com.st.stm32cube.ide.mcu.externaltools.gnu-tools-for-stm32.12.3.rel1.win32_1.1.0.202410251130/tools/bin/../lib/gcc/arm-none-eabi/12.3.1/../../../../arm-none-eabi/lib/thumb/v7e-m+fp/hard\libc_nano.a(libc_a-printf.o)
                0x080125c8                iprintf
                0x080125c8                printf
 .text.putchar  0x080125ec       0x10 C:/ST/STM32CubeIDE_1.17.0/STM32CubeIDE/plugins/com.st.stm32cube.ide.mcu.externaltools.gnu-tools-for-stm32.12.3.rel1.win32_1.1.0.202410251130/tools/bin/../lib/gcc/arm-none-eabi/12.3.1/../../../../arm-none-eabi/lib/thumb/v7e-m+fp/hard\libc_nano.a(libc_a-putchar.o)
                0x080125ec                putchar
 .text._puts_r  0x080125fc       0xaa C:/ST/STM32CubeIDE_1.17.0/STM32CubeIDE/plugins/com.st.stm32cube.ide.mcu.externaltools.gnu-tools-for-stm32.12.3.rel1.win32_1.1.0.202410251130/tools/bin/../lib/gcc/arm-none-eabi/12.3.1/../../../../arm-none-eabi/lib/thumb/v7e-m+fp/hard\libc_nano.a(libc_a-puts.o)
                0x080125fc                _puts_r
 *fill*         0x080126a6        0x2 
 .text.puts     0x080126a8       0x10 C:/ST/STM32CubeIDE_1.17.0/STM32CubeIDE/plugins/com.st.stm32cube.ide.mcu.externaltools.gnu-tools-for-stm32.12.3.rel1.win32_1.1.0.202410251130/tools/bin/../lib/gcc/arm-none-eabi/12.3.1/../../../../arm-none-eabi/lib/thumb/v7e-m+fp/hard\libc_nano.a(libc_a-puts.o)
                0x080126a8                puts
 .text.scanf    0x080126b8       0x24 C:/ST/STM32CubeIDE_1.17.0/STM32CubeIDE/plugins/com.st.stm32cube.ide.mcu.externaltools.gnu-tools-for-stm32.12.3.rel1.win32_1.1.0.202410251130/tools/bin/../lib/gcc/arm-none-eabi/12.3.1/../../../../arm-none-eabi/lib/thumb/v7e-m+fp/hard\libc_nano.a(libc_a-scanf.o)
                0x080126b8                scanf
                0x080126b8                iscanf
 .text.__sread  0x080126dc       0x22 C:/ST/STM32CubeIDE_1.17.0/STM32CubeIDE/plugins/com.st.stm32cube.ide.mcu.externaltools.gnu-tools-for-stm32.12.3.rel1.win32_1.1.0.202410251130/tools/bin/../lib/gcc/arm-none-eabi/12.3.1/../../../../arm-none-eabi/lib/thumb/v7e-m+fp/hard\libc_nano.a(libc_a-stdio.o)
                0x080126dc                __sread
 .text.__swrite
                0x080126fe       0x38 C:/ST/STM32CubeIDE_1.17.0/STM32CubeIDE/plugins/com.st.stm32cube.ide.mcu.externaltools.gnu-tools-for-stm32.12.3.rel1.win32_1.1.0.202410251130/tools/bin/../lib/gcc/arm-none-eabi/12.3.1/../../../../arm-none-eabi/lib/thumb/v7e-m+fp/hard\libc_nano.a(libc_a-stdio.o)
                0x080126fe                __swrite
 .text.__sseek  0x08012736       0x24 C:/ST/STM32CubeIDE_1.17.0/STM32CubeIDE/plugins/com.st.stm32cube.ide.mcu.externaltools.gnu-tools-for-stm32.12.3.rel1.win32_1.1.0.202410251130/tools/bin/../lib/gcc/arm-none-eabi/12.3.1/../../../../arm-none-eabi/lib/thumb/v7e-m+fp/hard\libc_nano.a(libc_a-stdio.o)
                0x08012736                __sseek
 .text.__sclose
                0x0801275a        0x8 C:/ST/STM32CubeIDE_1.17.0/STM32CubeIDE/plugins/com.st.stm32cube.ide.mcu.externaltools.gnu-tools-for-stm32.12.3.rel1.win32_1.1.0.202410251130/tools/bin/../lib/gcc/arm-none-eabi/12.3.1/../../../../arm-none-eabi/lib/thumb/v7e-m+fp/hard\libc_nano.a(libc_a-stdio.o)
                0x0801275a                __sclose
 .text.__swbuf_r
                0x08012762       0x7c C:/ST/STM32CubeIDE_1.17.0/STM32CubeIDE/plugins/com.st.stm32cube.ide.mcu.externaltools.gnu-tools-for-stm32.12.3.rel1.win32_1.1.0.202410251130/tools/bin/../lib/gcc/arm-none-eabi/12.3.1/../../../../arm-none-eabi/lib/thumb/v7e-m+fp/hard\libc_nano.a(libc_a-wbuf.o)
                0x08012762                __swbuf_r
 *fill*         0x080127de        0x2 
 .text.__swsetup_r
                0x080127e0       0xac C:/ST/STM32CubeIDE_1.17.0/STM32CubeIDE/plugins/com.st.stm32cube.ide.mcu.externaltools.gnu-tools-for-stm32.12.3.rel1.win32_1.1.0.202410251130/tools/bin/../lib/gcc/arm-none-eabi/12.3.1/../../../../arm-none-eabi/lib/thumb/v7e-m+fp/hard\libc_nano.a(libc_a-wsetup.o)
                0x080127e0                __swsetup_r
 .text.memset   0x0801288c       0x10 C:/ST/STM32CubeIDE_1.17.0/STM32CubeIDE/plugins/com.st.stm32cube.ide.mcu.externaltools.gnu-tools-for-stm32.12.3.rel1.win32_1.1.0.202410251130/tools/bin/../lib/gcc/arm-none-eabi/12.3.1/../../../../arm-none-eabi/lib/thumb/v7e-m+fp/hard\libc_nano.a(libc_a-memset.o)
                0x0801288c                memset
 .text._close_r
                0x0801289c       0x20 C:/ST/STM32CubeIDE_1.17.0/STM32CubeIDE/plugins/com.st.stm32cube.ide.mcu.externaltools.gnu-tools-for-stm32.12.3.rel1.win32_1.1.0.202410251130/tools/bin/../lib/gcc/arm-none-eabi/12.3.1/../../../../arm-none-eabi/lib/thumb/v7e-m+fp/hard\libc_nano.a(libc_a-closer.o)
                0x0801289c                _close_r
 .text._lseek_r
                0x080128bc       0x24 C:/ST/STM32CubeIDE_1.17.0/STM32CubeIDE/plugins/com.st.stm32cube.ide.mcu.externaltools.gnu-tools-for-stm32.12.3.rel1.win32_1.1.0.202410251130/tools/bin/../lib/gcc/arm-none-eabi/12.3.1/../../../../arm-none-eabi/lib/thumb/v7e-m+fp/hard\libc_nano.a(libc_a-lseekr.o)
                0x080128bc                _lseek_r
 .text._read_r  0x080128e0       0x24 C:/ST/STM32CubeIDE_1.17.0/STM32CubeIDE/plugins/com.st.stm32cube.ide.mcu.externaltools.gnu-tools-for-stm32.12.3.rel1.win32_1.1.0.202410251130/tools/bin/../lib/gcc/arm-none-eabi/12.3.1/../../../../arm-none-eabi/lib/thumb/v7e-m+fp/hard\libc_nano.a(libc_a-readr.o)
                0x080128e0                _read_r
 .text._sbrk_r  0x08012904       0x20 C:/ST/STM32CubeIDE_1.17.0/STM32CubeIDE/plugins/com.st.stm32cube.ide.mcu.externaltools.gnu-tools-for-stm32.12.3.rel1.win32_1.1.0.202410251130/tools/bin/../lib/gcc/arm-none-eabi/12.3.1/../../../../arm-none-eabi/lib/thumb/v7e-m+fp/hard\libc_nano.a(libc_a-sbrkr.o)
                0x08012904                _sbrk_r
 .text._write_r
                0x08012924       0x24 C:/ST/STM32CubeIDE_1.17.0/STM32CubeIDE/plugins/com.st.stm32cube.ide.mcu.externaltools.gnu-tools-for-stm32.12.3.rel1.win32_1.1.0.202410251130/tools/bin/../lib/gcc/arm-none-eabi/12.3.1/../../../../arm-none-eabi/lib/thumb/v7e-m+fp/hard\libc_nano.a(libc_a-writer.o)
                0x08012924                _write_r
 .text.__errno  0x08012948        0xc C:/ST/STM32CubeIDE_1.17.0/STM32CubeIDE/plugins/com.st.stm32cube.ide.mcu.externaltools.gnu-tools-for-stm32.12.3.rel1.win32_1.1.0.202410251130/tools/bin/../lib/gcc/arm-none-eabi/12.3.1/../../../../arm-none-eabi/lib/thumb/v7e-m+fp/hard\libc_nano.a(libc_a-errno.o)
                0x08012948                __errno
 .text.__libc_init_array
                0x08012954       0x48 C:/ST/STM32CubeIDE_1.17.0/STM32CubeIDE/plugins/com.st.stm32cube.ide.mcu.externaltools.gnu-tools-for-stm32.12.3.rel1.win32_1.1.0.202410251130/tools/bin/../lib/gcc/arm-none-eabi/12.3.1/../../../../arm-none-eabi/lib/thumb/v7e-m+fp/hard\libc_nano.a(libc_a-init.o)
                0x08012954                __libc_init_array
 .text.__retarget_lock_init_recursive
                0x0801299c        0x2 C:/ST/STM32CubeIDE_1.17.0/STM32CubeIDE/plugins/com.st.stm32cube.ide.mcu.externaltools.gnu-tools-for-stm32.12.3.rel1.win32_1.1.0.202410251130/tools/bin/../lib/gcc/arm-none-eabi/12.3.1/../../../../arm-none-eabi/lib/thumb/v7e-m+fp/hard\libc_nano.a(libc_a-lock.o)
                0x0801299c                __retarget_lock_init_recursive
 .text.__retarget_lock_acquire_recursive
                0x0801299e        0x2 C:/ST/STM32CubeIDE_1.17.0/STM32CubeIDE/plugins/com.st.stm32cube.ide.mcu.externaltools.gnu-tools-for-stm32.12.3.rel1.win32_1.1.0.202410251130/tools/bin/../lib/gcc/arm-none-eabi/12.3.1/../../../../arm-none-eabi/lib/thumb/v7e-m+fp/hard\libc_nano.a(libc_a-lock.o)
                0x0801299e                __retarget_lock_acquire_recursive
 .text.__retarget_lock_release_recursive
                0x080129a0        0x2 C:/ST/STM32CubeIDE_1.17.0/STM32CubeIDE/plugins/com.st.stm32cube.ide.mcu.externaltools.gnu-tools-for-stm32.12.3.rel1.win32_1.1.0.202410251130/tools/bin/../lib/gcc/arm-none-eabi/12.3.1/../../../../arm-none-eabi/lib/thumb/v7e-m+fp/hard\libc_nano.a(libc_a-lock.o)
                0x080129a0                __retarget_lock_release_recursive
 .text.memcpy   0x080129a2       0x1c C:/ST/STM32CubeIDE_1.17.0/STM32CubeIDE/plugins/com.st.stm32cube.ide.mcu.externaltools.gnu-tools-for-stm32.12.3.rel1.win32_1.1.0.202410251130/tools/bin/../lib/gcc/arm-none-eabi/12.3.1/../../../../arm-none-eabi/lib/thumb/v7e-m+fp/hard\libc_nano.a(libc_a-memcpy-stub.o)
                0x080129a2                memcpy
 *fill*         0x080129be        0x2 
 .text._free_r  0x080129c0       0x94 C:/ST/STM32CubeIDE_1.17.0/STM32CubeIDE/plugins/com.st.stm32cube.ide.mcu.externaltools.gnu-tools-for-stm32.12.3.rel1.win32_1.1.0.202410251130/tools/bin/../lib/gcc/arm-none-eabi/12.3.1/../../../../arm-none-eabi/lib/thumb/v7e-m+fp/hard\libc_nano.a(libc_a-freer.o)
                0x080129c0                _free_r
 .text.__sfputc_r
                0x08012a54       0x2e C:/ST/STM32CubeIDE_1.17.0/STM32CubeIDE/plugins/com.st.stm32cube.ide.mcu.externaltools.gnu-tools-for-stm32.12.3.rel1.win32_1.1.0.202410251130/tools/bin/../lib/gcc/arm-none-eabi/12.3.1/../../../../arm-none-eabi/lib/thumb/v7e-m+fp/hard\libc_nano.a(libc_a-nano-vfprintf.o)
 .text.__sfputs_r
                0x08012a82       0x24 C:/ST/STM32CubeIDE_1.17.0/STM32CubeIDE/plugins/com.st.stm32cube.ide.mcu.externaltools.gnu-tools-for-stm32.12.3.rel1.win32_1.1.0.202410251130/tools/bin/../lib/gcc/arm-none-eabi/12.3.1/../../../../arm-none-eabi/lib/thumb/v7e-m+fp/hard\libc_nano.a(libc_a-nano-vfprintf.o)
                0x08012a82                __sfputs_r
 *fill*         0x08012aa6        0x2 
 .text._vfprintf_r
                0x08012aa8      0x230 C:/ST/STM32CubeIDE_1.17.0/STM32CubeIDE/plugins/com.st.stm32cube.ide.mcu.externaltools.gnu-tools-for-stm32.12.3.rel1.win32_1.1.0.202410251130/tools/bin/../lib/gcc/arm-none-eabi/12.3.1/../../../../arm-none-eabi/lib/thumb/v7e-m+fp/hard\libc_nano.a(libc_a-nano-vfprintf.o)
                0x08012aa8                _vfprintf_r
                0x08012aa8                _vfiprintf_r
 .text._printf_common
                0x08012cd8       0xda C:/ST/STM32CubeIDE_1.17.0/STM32CubeIDE/plugins/com.st.stm32cube.ide.mcu.externaltools.gnu-tools-for-stm32.12.3.rel1.win32_1.1.0.202410251130/tools/bin/../lib/gcc/arm-none-eabi/12.3.1/../../../../arm-none-eabi/lib/thumb/v7e-m+fp/hard\libc_nano.a(libc_a-nano-vfprintf_i.o)
                0x08012cd8                _printf_common
 *fill*         0x08012db2        0x2 
 .text._printf_i
                0x08012db4      0x240 C:/ST/STM32CubeIDE_1.17.0/STM32CubeIDE/plugins/com.st.stm32cube.ide.mcu.externaltools.gnu-tools-for-stm32.12.3.rel1.win32_1.1.0.202410251130/tools/bin/../lib/gcc/arm-none-eabi/12.3.1/../../../../arm-none-eabi/lib/thumb/v7e-m+fp/hard\libc_nano.a(libc_a-nano-vfprintf_i.o)
                0x08012db4                _printf_i
 .text.__svfscanf_r
                0x08012ff4      0x338 C:/ST/STM32CubeIDE_1.17.0/STM32CubeIDE/plugins/com.st.stm32cube.ide.mcu.externaltools.gnu-tools-for-stm32.12.3.rel1.win32_1.1.0.202410251130/tools/bin/../lib/gcc/arm-none-eabi/12.3.1/../../../../arm-none-eabi/lib/thumb/v7e-m+fp/hard\libc_nano.a(libc_a-nano-vfscanf.o)
                0x08012ff4                __svfscanf_r
                0x08012ff4                __svfiscanf_r
 .text._vfscanf_r
                0x0801332c       0x26 C:/ST/STM32CubeIDE_1.17.0/STM32CubeIDE/plugins/com.st.stm32cube.ide.mcu.externaltools.gnu-tools-for-stm32.12.3.rel1.win32_1.1.0.202410251130/tools/bin/../lib/gcc/arm-none-eabi/12.3.1/../../../../arm-none-eabi/lib/thumb/v7e-m+fp/hard\libc_nano.a(libc_a-nano-vfscanf.o)
                0x0801332c                _vfscanf_r
                0x0801332c                _vfiscanf_r
 *fill*         0x08013352        0x2 
 .text._scanf_chars
                0x08013354       0xb4 C:/ST/STM32CubeIDE_1.17.0/STM32CubeIDE/plugins/com.st.stm32cube.ide.mcu.externaltools.gnu-tools-for-stm32.12.3.rel1.win32_1.1.0.202410251130/tools/bin/../lib/gcc/arm-none-eabi/12.3.1/../../../../arm-none-eabi/lib/thumb/v7e-m+fp/hard\libc_nano.a(libc_a-nano-vfscanf_i.o)
                0x08013354                _scanf_chars
 .text._scanf_i
                0x08013408      0x1e8 C:/ST/STM32CubeIDE_1.17.0/STM32CubeIDE/plugins/com.st.stm32cube.ide.mcu.externaltools.gnu-tools-for-stm32.12.3.rel1.win32_1.1.0.202410251130/tools/bin/../lib/gcc/arm-none-eabi/12.3.1/../../../../arm-none-eabi/lib/thumb/v7e-m+fp/hard\libc_nano.a(libc_a-nano-vfscanf_i.o)
                0x08013408                _scanf_i
 .text.__sflush_r
                0x080135f0      0x108 C:/ST/STM32CubeIDE_1.17.0/STM32CubeIDE/plugins/com.st.stm32cube.ide.mcu.externaltools.gnu-tools-for-stm32.12.3.rel1.win32_1.1.0.202410251130/tools/bin/../lib/gcc/arm-none-eabi/12.3.1/../../../../arm-none-eabi/lib/thumb/v7e-m+fp/hard\libc_nano.a(libc_a-fflush.o)
                0x080135f0                __sflush_r
 .text._fflush_r
                0x080136f8       0x50 C:/ST/STM32CubeIDE_1.17.0/STM32CubeIDE/plugins/com.st.stm32cube.ide.mcu.externaltools.gnu-tools-for-stm32.12.3.rel1.win32_1.1.0.202410251130/tools/bin/../lib/gcc/arm-none-eabi/12.3.1/../../../../arm-none-eabi/lib/thumb/v7e-m+fp/hard\libc_nano.a(libc_a-fflush.o)
                0x080136f8                _fflush_r
 .text.__swhatbuf_r
                0x08013748       0x4c C:/ST/STM32CubeIDE_1.17.0/STM32CubeIDE/plugins/com.st.stm32cube.ide.mcu.externaltools.gnu-tools-for-stm32.12.3.rel1.win32_1.1.0.202410251130/tools/bin/../lib/gcc/arm-none-eabi/12.3.1/../../../../arm-none-eabi/lib/thumb/v7e-m+fp/hard\libc_nano.a(libc_a-makebuf.o)
                0x08013748                __swhatbuf_r
 .text.__smakebuf_r
                0x08013794       0x78 C:/ST/STM32CubeIDE_1.17.0/STM32CubeIDE/plugins/com.st.stm32cube.ide.mcu.externaltools.gnu-tools-for-stm32.12.3.rel1.win32_1.1.0.202410251130/tools/bin/../lib/gcc/arm-none-eabi/12.3.1/../../../../arm-none-eabi/lib/thumb/v7e-m+fp/hard\libc_nano.a(libc_a-makebuf.o)
                0x08013794                __smakebuf_r
 .text._putc_r  0x0801380c       0x68 C:/ST/STM32CubeIDE_1.17.0/STM32CubeIDE/plugins/com.st.stm32cube.ide.mcu.externaltools.gnu-tools-for-stm32.12.3.rel1.win32_1.1.0.202410251130/tools/bin/../lib/gcc/arm-none-eabi/12.3.1/../../../../arm-none-eabi/lib/thumb/v7e-m+fp/hard\libc_nano.a(libc_a-putc.o)
                0x0801380c                _putc_r
 .text.lflush   0x08013874       0x1c C:/ST/STM32CubeIDE_1.17.0/STM32CubeIDE/plugins/com.st.stm32cube.ide.mcu.externaltools.gnu-tools-for-stm32.12.3.rel1.win32_1.1.0.202410251130/tools/bin/../lib/gcc/arm-none-eabi/12.3.1/../../../../arm-none-eabi/lib/thumb/v7e-m+fp/hard\libc_nano.a(libc_a-refill.o)
 .text.__srefill_r
                0x08013890       0xe8 C:/ST/STM32CubeIDE_1.17.0/STM32CubeIDE/plugins/com.st.stm32cube.ide.mcu.externaltools.gnu-tools-for-stm32.12.3.rel1.win32_1.1.0.202410251130/tools/bin/../lib/gcc/arm-none-eabi/12.3.1/../../../../arm-none-eabi/lib/thumb/v7e-m+fp/hard\libc_nano.a(libc_a-refill.o)
                0x08013890                __srefill_r
 .text.__sccl   0x08013978       0x72 C:/ST/STM32CubeIDE_1.17.0/STM32CubeIDE/plugins/com.st.stm32cube.ide.mcu.externaltools.gnu-tools-for-stm32.12.3.rel1.win32_1.1.0.202410251130/tools/bin/../lib/gcc/arm-none-eabi/12.3.1/../../../../arm-none-eabi/lib/thumb/v7e-m+fp/hard\libc_nano.a(libc_a-sccl.o)
                0x08013978                __sccl
 .text.__submore
                0x080139ea       0x74 C:/ST/STM32CubeIDE_1.17.0/STM32CubeIDE/plugins/com.st.stm32cube.ide.mcu.externaltools.gnu-tools-for-stm32.12.3.rel1.win32_1.1.0.202410251130/tools/bin/../lib/gcc/arm-none-eabi/12.3.1/../../../../arm-none-eabi/lib/thumb/v7e-m+fp/hard\libc_nano.a(libc_a-ungetc.o)
                0x080139ea                __submore
 .text._ungetc_r
                0x08013a5e       0xfe C:/ST/STM32CubeIDE_1.17.0/STM32CubeIDE/plugins/com.st.stm32cube.ide.mcu.externaltools.gnu-tools-for-stm32.12.3.rel1.win32_1.1.0.202410251130/tools/bin/../lib/gcc/arm-none-eabi/12.3.1/../../../../arm-none-eabi/lib/thumb/v7e-m+fp/hard\libc_nano.a(libc_a-ungetc.o)
                0x08013a5e                _ungetc_r
 .text._fstat_r
                0x08013b5c       0x24 C:/ST/STM32CubeIDE_1.17.0/STM32CubeIDE/plugins/com.st.stm32cube.ide.mcu.externaltools.gnu-tools-for-stm32.12.3.rel1.win32_1.1.0.202410251130/tools/bin/../lib/gcc/arm-none-eabi/12.3.1/../../../../arm-none-eabi/lib/thumb/v7e-m+fp/hard\libc_nano.a(libc_a-fstatr.o)
                0x08013b5c                _fstat_r
 .text._isatty_r
                0x08013b80       0x20 C:/ST/STM32CubeIDE_1.17.0/STM32CubeIDE/plugins/com.st.stm32cube.ide.mcu.externaltools.gnu-tools-for-stm32.12.3.rel1.win32_1.1.0.202410251130/tools/bin/../lib/gcc/arm-none-eabi/12.3.1/../../../../arm-none-eabi/lib/thumb/v7e-m+fp/hard\libc_nano.a(libc_a-isattyr.o)
                0x08013b80                _isatty_r
 .text._realloc_r
                0x08013ba0       0x5c C:/ST/STM32CubeIDE_1.17.0/STM32CubeIDE/plugins/com.st.stm32cube.ide.mcu.externaltools.gnu-tools-for-stm32.12.3.rel1.win32_1.1.0.202410251130/tools/bin/../lib/gcc/arm-none-eabi/12.3.1/../../../../arm-none-eabi/lib/thumb/v7e-m+fp/hard\libc_nano.a(libc_a-reallocr.o)
                0x08013ba0                _realloc_r
 .text._strtol_l.constprop.0
                0x08013bfc       0xf4 C:/ST/STM32CubeIDE_1.17.0/STM32CubeIDE/plugins/com.st.stm32cube.ide.mcu.externaltools.gnu-tools-for-stm32.12.3.rel1.win32_1.1.0.202410251130/tools/bin/../lib/gcc/arm-none-eabi/12.3.1/../../../../arm-none-eabi/lib/thumb/v7e-m+fp/hard\libc_nano.a(libc_a-strtol.o)
 .text._strtol_r
                0x08013cf0        0x4 C:/ST/STM32CubeIDE_1.17.0/STM32CubeIDE/plugins/com.st.stm32cube.ide.mcu.externaltools.gnu-tools-for-stm32.12.3.rel1.win32_1.1.0.202410251130/tools/bin/../lib/gcc/arm-none-eabi/12.3.1/../../../../arm-none-eabi/lib/thumb/v7e-m+fp/hard\libc_nano.a(libc_a-strtol.o)
                0x08013cf0                _strtol_r
 .text._strtoul_l.constprop.0
                0x08013cf4       0xdc C:/ST/STM32CubeIDE_1.17.0/STM32CubeIDE/plugins/com.st.stm32cube.ide.mcu.externaltools.gnu-tools-for-stm32.12.3.rel1.win32_1.1.0.202410251130/tools/bin/../lib/gcc/arm-none-eabi/12.3.1/../../../../arm-none-eabi/lib/thumb/v7e-m+fp/hard\libc_nano.a(libc_a-strtoul.o)
 .text._strtoul_r
                0x08013dd0        0x4 C:/ST/STM32CubeIDE_1.17.0/STM32CubeIDE/plugins/com.st.stm32cube.ide.mcu.externaltools.gnu-tools-for-stm32.12.3.rel1.win32_1.1.0.202410251130/tools/bin/../lib/gcc/arm-none-eabi/12.3.1/../../../../arm-none-eabi/lib/thumb/v7e-m+fp/hard\libc_nano.a(libc_a-strtoul.o)
                0x08013dd0                _strtoul_r
 .text._malloc_usable_size_r
                0x08013dd4       0x10 C:/ST/STM32CubeIDE_1.17.0/STM32CubeIDE/plugins/com.st.stm32cube.ide.mcu.externaltools.gnu-tools-for-stm32.12.3.rel1.win32_1.1.0.202410251130/tools/bin/../lib/gcc/arm-none-eabi/12.3.1/../../../../arm-none-eabi/lib/thumb/v7e-m+fp/hard\libc_nano.a(libc_a-msizer.o)
                0x08013dd4                _malloc_usable_size_r
 *(.glue_7)
 .glue_7        0x08013de4        0x0 linker stubs
 *(.glue_7t)
 .glue_7t       0x08013de4        0x0 linker stubs
 *(.eh_frame)
 .eh_frame      0x08013de4        0x0 C:/ST/STM32CubeIDE_1.17.0/STM32CubeIDE/plugins/com.st.stm32cube.ide.mcu.externaltools.gnu-tools-for-stm32.12.3.rel1.win32_1.1.0.202410251130/tools/bin/../lib/gcc/arm-none-eabi/12.3.1/thumb/v7e-m+fp/hard/crtbegin.o
 *(.init)
 .init          0x08013de4        0x4 C:/ST/STM32CubeIDE_1.17.0/STM32CubeIDE/plugins/com.st.stm32cube.ide.mcu.externaltools.gnu-tools-for-stm32.12.3.rel1.win32_1.1.0.202410251130/tools/bin/../lib/gcc/arm-none-eabi/12.3.1/thumb/v7e-m+fp/hard/crti.o
                0x08013de4                _init
 .init          0x08013de8        0x8 C:/ST/STM32CubeIDE_1.17.0/STM32CubeIDE/plugins/com.st.stm32cube.ide.mcu.externaltools.gnu-tools-for-stm32.12.3.rel1.win32_1.1.0.202410251130/tools/bin/../lib/gcc/arm-none-eabi/12.3.1/thumb/v7e-m+fp/hard/crtn.o
 *(.fini)
 .fini          0x08013df0        0x4 C:/ST/STM32CubeIDE_1.17.0/STM32CubeIDE/plugins/com.st.stm32cube.ide.mcu.externaltools.gnu-tools-for-stm32.12.3.rel1.win32_1.1.0.202410251130/tools/bin/../lib/gcc/arm-none-eabi/12.3.1/thumb/v7e-m+fp/hard/crti.o
                0x08013df0                _fini
 .fini          0x08013df4        0x8 C:/ST/STM32CubeIDE_1.17.0/STM32CubeIDE/plugins/com.st.stm32cube.ide.mcu.externaltools.gnu-tools-for-stm32.12.3.rel1.win32_1.1.0.202410251130/tools/bin/../lib/gcc/arm-none-eabi/12.3.1/thumb/v7e-m+fp/hard/crtn.o
                0x08013dfc                        . = ALIGN (0x4)
                0x08013dfc                        _etext = .

.vfp11_veneer   0x08013dfc        0x0
 .vfp11_veneer  0x08013dfc        0x0 linker stubs

.v4_bx          0x08013dfc        0x0
 .v4_bx         0x08013dfc        0x0 linker stubs

.iplt           0x08013dfc        0x0
 .iplt          0x08013dfc        0x0 C:/ST/STM32CubeIDE_1.17.0/STM32CubeIDE/plugins/com.st.stm32cube.ide.mcu.externaltools.gnu-tools-for-stm32.12.3.rel1.win32_1.1.0.202410251130/tools/bin/../lib/gcc/arm-none-eabi/12.3.1/thumb/v7e-m+fp/hard/crtbegin.o

.rodata         0x08013dfc     0x1348
                0x08013dfc                        . = ALIGN (0x4)
 *(.rodata)
 .rodata        0x08013dfc       0xbf ./ADBMS6830/lib/src/adBms6830GenericType.o
 *fill*         0x08013ebb        0x1 
 .rodata        0x08013ebc       0xf3 ./ADBMS6830/lib/src/adBms6830ParseCreate.o
 *fill*         0x08013faf        0x1 
 .rodata        0x08013fb0      0x159 ./ADBMS6830/program/src/adBms_Application.o
 *fill*         0x08014109        0x3 
 .rodata        0x0801410c      0xc83 ./ADBMS6830/program/src/serialPrintResult.o
 *fill*         0x08014d8f        0x1 
 .rodata        0x08014d90       0x46 ./USB_DEVICE/App/usbd_desc.o
 *fill*         0x08014dd6        0x2 
 .rodata        0x08014dd8        0xc C:/ST/STM32CubeIDE_1.17.0/STM32CubeIDE/plugins/com.st.stm32cube.ide.mcu.externaltools.gnu-tools-for-stm32.12.3.rel1.win32_1.1.0.202410251130/tools/bin/../lib/gcc/arm-none-eabi/12.3.1/../../../../arm-none-eabi/lib/thumb/v7e-m+fp/hard\libc_nano.a(libc_a-nano-vfscanf_i.o)
 *(.rodata*)
 .rodata.Crc15Table
                0x08014de4      0x200 ./ADBMS6830/lib/src/adBms6830GenericType.o
                0x08014de4                Crc15Table
 .rodata.AHBPrescTable
                0x08014fe4       0x10 ./Core/Src/system_stm32f4xx.o
                0x08014fe4                AHBPrescTable
 .rodata._vfprintf_r.str1.1
                0x08014ff4       0x11 C:/ST/STM32CubeIDE_1.17.0/STM32CubeIDE/plugins/com.st.stm32cube.ide.mcu.externaltools.gnu-tools-for-stm32.12.3.rel1.win32_1.1.0.202410251130/tools/bin/../lib/gcc/arm-none-eabi/12.3.1/../../../../arm-none-eabi/lib/thumb/v7e-m+fp/hard\libc_nano.a(libc_a-nano-vfprintf.o)
 .rodata._printf_i.str1.1
                0x08015005       0x22 C:/ST/STM32CubeIDE_1.17.0/STM32CubeIDE/plugins/com.st.stm32cube.ide.mcu.externaltools.gnu-tools-for-stm32.12.3.rel1.win32_1.1.0.202410251130/tools/bin/../lib/gcc/arm-none-eabi/12.3.1/../../../../arm-none-eabi/lib/thumb/v7e-m+fp/hard\libc_nano.a(libc_a-nano-vfprintf_i.o)
 .rodata.__svfscanf_r.str1.1
                0x08015027        0x4 C:/ST/STM32CubeIDE_1.17.0/STM32CubeIDE/plugins/com.st.stm32cube.ide.mcu.externaltools.gnu-tools-for-stm32.12.3.rel1.win32_1.1.0.202410251130/tools/bin/../lib/gcc/arm-none-eabi/12.3.1/../../../../arm-none-eabi/lib/thumb/v7e-m+fp/hard\libc_nano.a(libc_a-nano-vfscanf.o)
 .rodata._scanf_i.str1.1
                0x08015027       0x12 C:/ST/STM32CubeIDE_1.17.0/STM32CubeIDE/plugins/com.st.stm32cube.ide.mcu.externaltools.gnu-tools-for-stm32.12.3.rel1.win32_1.1.0.202410251130/tools/bin/../lib/gcc/arm-none-eabi/12.3.1/../../../../arm-none-eabi/lib/thumb/v7e-m+fp/hard\libc_nano.a(libc_a-nano-vfscanf_i.o)
 .rodata.str1.1