C:/Analog Devices/ADBMS6830_Free_Source_Code-Rel1.0.1/Other_Workbench/ADBMS6830/program/src/adBms_Application.c:69:6:adbms_main	8	static
C:/Analog Devices/ADBMS6830_Free_Source_Code-Rel1.0.1/Other_Workbench/ADBMS6830/program/src/adBms_Application.c:96:6:run_command	24	static
C:/Analog Devices/ADBMS6830_Free_Source_Code-Rel1.0.1/Other_Workbench/ADBMS6830/program/src/adBms_Application.c:218:6:adBms6830_init_config	40	static
C:/Analog Devices/ADBMS6830_Free_Source_Code-Rel1.0.1/Other_Workbench/ADBMS6830/program/src/adBms_Application.c:248:6:adBms6830_write_read_config	24	static
C:/Analog Devices/ADBMS6830_Free_Source_Code-Rel1.0.1/Other_Workbench/ADBMS6830/program/src/adBms_Application.c:264:6:adBms6830_read_config	24	static
C:/Analog Devices/ADBMS6830_Free_Source_Code-Rel1.0.1/Other_Workbench/ADBMS6830/program/src/adBms_Application.c:277:6:adBms6830_start_adc_cell_voltage_measurment	32	static
C:/Analog Devices/ADBMS6830_Free_Source_Code-Rel1.0.1/Other_Workbench/ADBMS6830/program/src/adBms_Application.c:295:6:adBms6830_read_cell_voltages	24	static
C:/Analog Devices/ADBMS6830_Free_Source_Code-Rel1.0.1/Other_Workbench/ADBMS6830/program/src/adBms_Application.c:312:6:adBms6830_start_adc_s_voltage_measurment	16	static
C:/Analog Devices/ADBMS6830_Free_Source_Code-Rel1.0.1/Other_Workbench/ADBMS6830/program/src/adBms_Application.c:330:6:adBms6830_read_s_voltages	24	static
C:/Analog Devices/ADBMS6830_Free_Source_Code-Rel1.0.1/Other_Workbench/ADBMS6830/program/src/adBms_Application.c:347:6:adBms6830_start_avgcell_voltage_measurment	24	static
C:/Analog Devices/ADBMS6830_Free_Source_Code-Rel1.0.1/Other_Workbench/ADBMS6830/program/src/adBms_Application.c:365:6:adBms6830_read_avgcell_voltages	24	static
C:/Analog Devices/ADBMS6830_Free_Source_Code-Rel1.0.1/Other_Workbench/ADBMS6830/program/src/adBms_Application.c:382:6:adBms6830_start_fcell_voltage_measurment	32	static
C:/Analog Devices/ADBMS6830_Free_Source_Code-Rel1.0.1/Other_Workbench/ADBMS6830/program/src/adBms_Application.c:400:6:adBms6830_read_fcell_voltages	24	static
C:/Analog Devices/ADBMS6830_Free_Source_Code-Rel1.0.1/Other_Workbench/ADBMS6830/program/src/adBms_Application.c:417:6:adBms6830_start_aux_voltage_measurment	32	static
C:/Analog Devices/ADBMS6830_Free_Source_Code-Rel1.0.1/Other_Workbench/ADBMS6830/program/src/adBms_Application.c:442:6:adBms6830_read_aux_voltages	24	static
C:/Analog Devices/ADBMS6830_Free_Source_Code-Rel1.0.1/Other_Workbench/ADBMS6830/program/src/adBms_Application.c:457:6:adBms6830_start_raux_voltage_measurment	32	static
C:/Analog Devices/ADBMS6830_Free_Source_Code-Rel1.0.1/Other_Workbench/ADBMS6830/program/src/adBms_Application.c:482:6:adBms6830_read_raux_voltages	24	static
C:/Analog Devices/ADBMS6830_Free_Source_Code-Rel1.0.1/Other_Workbench/ADBMS6830/program/src/adBms_Application.c:497:6:adBms6830_read_status_registers	32	static
C:/Analog Devices/ADBMS6830_Free_Source_Code-Rel1.0.1/Other_Workbench/ADBMS6830/program/src/adBms_Application.c:521:6:measurement_loop	16	static
C:/Analog Devices/ADBMS6830_Free_Source_Code-Rel1.0.1/Other_Workbench/ADBMS6830/program/src/adBms_Application.c:606:6:adBms6830_clear_cell_measurement	16	static
C:/Analog Devices/ADBMS6830_Free_Source_Code-Rel1.0.1/Other_Workbench/ADBMS6830/program/src/adBms_Application.c:622:6:adBms6830_clear_aux_measurement	16	static
C:/Analog Devices/ADBMS6830_Free_Source_Code-Rel1.0.1/Other_Workbench/ADBMS6830/program/src/adBms_Application.c:638:6:adBms6830_clear_spin_measurement	16	static
C:/Analog Devices/ADBMS6830_Free_Source_Code-Rel1.0.1/Other_Workbench/ADBMS6830/program/src/adBms_Application.c:654:6:adBms6830_clear_fcell_measurement	16	static
