C:/Analog Devices/ADBMS6830_Free_Source_Code-Rel1.0.1/Other_Workbench/ADBMS6830/program/src/serialPrintResult.c:1065:6:printWriteConfig	24	static
C:/Analog Devices/ADBMS6830_Free_Source_Code-Rel1.0.1/Other_Workbench/ADBMS6830/program/src/serialPrintResult.c:1135:6:printReadConfig	24	static
C:/Analog Devices/ADBMS6830_Free_Source_Code-Rel1.0.1/Other_Workbench/ADBMS6830/program/src/serialPrintResult.c:1233:6:printVoltages	40	static
C:/Analog Devices/ADBMS6830_Free_Source_Code-Rel1.0.1/Other_Workbench/ADBMS6830/program/src/serialPrintResult.c:1344:6:printStatus	24	static
C:/Analog Devices/ADBMS6830_Free_Source_Code-Rel1.0.1/Other_Workbench/ADBMS6830/program/src/serialPrintResult.c:1564:6:printDeviceSID	24	static
C:/Analog Devices/ADBMS6830_Free_Source_Code-Rel1.0.1/Other_Workbench/ADBMS6830/program/src/serialPrintResult.c:1605:6:printWritePwmDutyCycle	24	static
C:/Analog Devices/ADBMS6830_Free_Source_Code-Rel1.0.1/Other_Workbench/ADBMS6830/program/src/serialPrintResult.c:1664:6:printReadPwmDutyCycle	24	static
C:/Analog Devices/ADBMS6830_Free_Source_Code-Rel1.0.1/Other_Workbench/ADBMS6830/program/src/serialPrintResult.c:1743:6:printWriteCommData	24	static
C:/Analog Devices/ADBMS6830_Free_Source_Code-Rel1.0.1/Other_Workbench/ADBMS6830/program/src/serialPrintResult.c:1780:6:printReadCommData	24	static
C:/Analog Devices/ADBMS6830_Free_Source_Code-Rel1.0.1/Other_Workbench/ADBMS6830/program/src/serialPrintResult.c:1822:6:printDiagnosticTestResult	24	static
C:/Analog Devices/ADBMS6830_Free_Source_Code-Rel1.0.1/Other_Workbench/ADBMS6830/program/src/serialPrintResult.c:1906:6:diagnosticTestResultPrint	16	static
C:/Analog Devices/ADBMS6830_Free_Source_Code-Rel1.0.1/Other_Workbench/ADBMS6830/program/src/serialPrintResult.c:1936:6:printOpenWireTestResult	24	static
C:/Analog Devices/ADBMS6830_Free_Source_Code-Rel1.0.1/Other_Workbench/ADBMS6830/program/src/serialPrintResult.c:1997:6:openWireResultPrint	16	static
C:/Analog Devices/ADBMS6830_Free_Source_Code-Rel1.0.1/Other_Workbench/ADBMS6830/program/src/serialPrintResult.c:2020:6:printPollAdcConvTime	16	static
C:/Analog Devices/ADBMS6830_Free_Source_Code-Rel1.0.1/Other_Workbench/ADBMS6830/program/src/serialPrintResult.c:2036:6:printMenu	8	static
C:/Analog Devices/ADBMS6830_Free_Source_Code-Rel1.0.1/Other_Workbench/ADBMS6830/program/src/serialPrintResult.c:2081:7:getVoltage	24	static
